Archive member included because of file (symbol)

F:\Code\Akita-Heltec-Reticulum-Tracker\arduino_build/core\core.a(Print.cpp.o)
                              F:\Code\Akita-Heltec-Reticulum-Tracker\arduino_build\libraries\LoRa\LoRa.cpp.o (Print::write(unsigned char const*, unsigned int))
F:\Code\Akita-Heltec-Reticulum-Tracker\arduino_build/core\core.a(Stream.cpp.o)
                              F:\Code\Akita-Heltec-Reticulum-Tracker\arduino_build\libraries\LoRa\LoRa.cpp.o (Stream::setTimeout(unsigned long))
F:\Code\Akita-Heltec-Reticulum-Tracker\arduino_build/core\core.a(Uart.cpp.o)
                              F:\Code\Akita-Heltec-Reticulum-Tracker\arduino_build\sketch\Akita_Heltec_Reticulum_Tracker.cpp.o (Uart::end())
F:\Code\Akita-Heltec-Reticulum-Tracker\arduino_build/core\core.a(WInterrupts.c.o)
                              F:\Code\Akita-Heltec-Reticulum-Tracker\arduino_build\libraries\LoRa\LoRa.cpp.o (attachInterrupt)
F:\Code\Akita-Heltec-Reticulum-Tracker\arduino_build/core\core.a(WString.cpp.o)
                              F:\Code\Akita-Heltec-Reticulum-Tracker\arduino_build\sketch\Akita_Heltec_Reticulum_Tracker.cpp.o (String::~String())
F:\Code\Akita-Heltec-Reticulum-Tracker\arduino_build/core\core.a(dtostrf.c.o)
                              F:\Code\Akita-Heltec-Reticulum-Tracker\arduino_build/core\core.a(WString.cpp.o) (dtostrf)
F:\Code\Akita-Heltec-Reticulum-Tracker\arduino_build/core\core.a(delay.c.o)
                              F:\Code\Akita-Heltec-Reticulum-Tracker\arduino_build\sketch\Akita_Heltec_Reticulum_Tracker.cpp.o (millis)
F:\Code\Akita-Heltec-Reticulum-Tracker\arduino_build/core\core.a(hooks.c.o)
                              F:\Code\Akita-Heltec-Reticulum-Tracker\arduino_build\libraries\LoRa\LoRa.cpp.o (yield)
F:\Code\Akita-Heltec-Reticulum-Tracker\arduino_build/core\core.a(itoa.c.o)
                              F:\Code\Akita-Heltec-Reticulum-Tracker\arduino_build/core\core.a(WString.cpp.o) (ltoa)
F:\Code\Akita-Heltec-Reticulum-Tracker\arduino_build/core\core.a(main.cpp.o)
                              c:/users/shaun/appdata/local/arduino15/packages/arduino/tools/arm-none-eabi-gcc/4.8.3-2014q1/bin/../lib/gcc/arm-none-eabi/4.8.3/../../../../arm-none-eabi/lib/armv7e-m/fpu/crt0.o (main)
F:\Code\Akita-Heltec-Reticulum-Tracker\arduino_build/core\core.a(startup_nrf52.S.o)
                              (Reset_Handler)
F:\Code\Akita-Heltec-Reticulum-Tracker\arduino_build/core\core.a(wiring.c.o)
                              F:\Code\Akita-Heltec-Reticulum-Tracker\arduino_build/core\core.a(main.cpp.o) (init)
F:\Code\Akita-Heltec-Reticulum-Tracker\arduino_build/core\core.a(wiring_analog.c.o)
                              F:\Code\Akita-Heltec-Reticulum-Tracker\arduino_build\sketch\Akita_Heltec_Reticulum_Tracker.cpp.o (analogRead)
F:\Code\Akita-Heltec-Reticulum-Tracker\arduino_build/core\core.a(wiring_digital.c.o)
                              F:\Code\Akita-Heltec-Reticulum-Tracker\arduino_build\sketch\Akita_Heltec_Reticulum_Tracker.cpp.o (pinMode)
F:\Code\Akita-Heltec-Reticulum-Tracker\arduino_build/core\core.a(DFUService.cpp.o)
                              F:\Code\Akita-Heltec-Reticulum-Tracker\arduino_build/core\core.a(main.cpp.o) (ble_evt_dispatch(ble_evt_t*))
F:\Code\Akita-Heltec-Reticulum-Tracker\arduino_build/core\core.a(RingBuffer.cpp.o)
                              F:\Code\Akita-Heltec-Reticulum-Tracker\arduino_build/core\core.a(Uart.cpp.o) (RingBuffer::RingBuffer())
F:\Code\Akita-Heltec-Reticulum-Tracker\arduino_build/core\core.a(SoftDeviceManager.cpp.o)
                              F:\Code\Akita-Heltec-Reticulum-Tracker\arduino_build/core\core.a(main.cpp.o) (SoftDeviceManager::begin())
F:\Code\Akita-Heltec-Reticulum-Tracker\arduino_build/core\core.a(ble_dfu.c.o)
                              F:\Code\Akita-Heltec-Reticulum-Tracker\arduino_build/core\core.a(DFUService.cpp.o) (ble_dfu_init)
F:\Code\Akita-Heltec-Reticulum-Tracker\arduino_build/core\core.a(ble_conn_state.c.o)
                              F:\Code\Akita-Heltec-Reticulum-Tracker\arduino_build/core\core.a(DFUService.cpp.o) (ble_conn_state_role)
F:\Code\Akita-Heltec-Reticulum-Tracker\arduino_build/core\core.a(device_manager_peripheral.c.o)
                              F:\Code\Akita-Heltec-Reticulum-Tracker\arduino_build/core\core.a(DFUService.cpp.o) (dm_init)
F:\Code\Akita-Heltec-Reticulum-Tracker\arduino_build/core\core.a(nrf_delay.c.o)
                              F:\Code\Akita-Heltec-Reticulum-Tracker\arduino_build/core\core.a(wiring_digital.c.o) (nrf_delay_ms)
F:\Code\Akita-Heltec-Reticulum-Tracker\arduino_build/core\core.a(pstorage.c.o)
                              F:\Code\Akita-Heltec-Reticulum-Tracker\arduino_build/core\core.a(SoftDeviceManager.cpp.o) (pstorage_sys_event_handler)
F:\Code\Akita-Heltec-Reticulum-Tracker\arduino_build/core\core.a(dfu_app_handler.c.o)
                              F:\Code\Akita-Heltec-Reticulum-Tracker\arduino_build/core\core.a(DFUService.cpp.o) (dfu_app_on_dfu_evt)
[...]
Memory Configuration

Name             Origin             Length             Attributes
FLASH            0x0001c000         0x00064000         xr
RAM              0x20004000         0x0000c000         xrw
*default*        0x00000000         0xffffffff

Linker script and memory map

LOAD c:/users/shaun/appdata/local/arduino15/packages/arduino/tools/arm-none-eabi-gcc/4.8.3-2014q1/bin/../lib/gcc/arm-none-eabi/4.8.3/armv7e-m/fpu/crti.o
LOAD c:/users/shaun/appdata/local/arduino15/packages/arduino/tools/arm-none-eabi-gcc/4.8.3-2014q1/bin/../lib/gcc/arm-none-eabi/4.8.3/armv7e-m/fpu/crtbegin.o
LOAD c:/users/shaun/appdata/local/arduino15/packages/arduino/tools/arm-none-eabi-gcc/4.8.3-2014q1/bin/../lib/gcc/arm-none-eabi/4.8.3/../../../../arm-none-eabi/lib/armv7e-m/fpu/crt0.o
START GROUP
LOAD F:\Code\Akita-Heltec-Reticulum-Tracker\arduino_build\sketch\Akita_Heltec_Reticulum_Tracker.cpp.o
LOAD F:\Code\Akita-Heltec-Reticulum-Tracker\arduino_build\sketch\Akita_Heltec_Reticulum_Tracker.ino.cpp.o
LOAD F:\Code\Akita-Heltec-Reticulum-Tracker\arduino_build\libraries\TinyGPSPlus\TinyGPS++.cpp.o
LOAD F:\Code\Akita-Heltec-Reticulum-Tracker\arduino_build\libraries\SPI\SPI.cpp.o
LOAD F:\Code\Akita-Heltec-Reticulum-Tracker\arduino_build\libraries\LoRa\LoRa.cpp.o
LOAD F:\Code\Akita-Heltec-Reticulum-Tracker\arduino_build\core\variant.cpp.o
LOAD C:\Users\shaun\AppData\Local\Arduino15\packages\arduino\hardware\nrf52\1.0.2/cores/arduino/components/nfc/t2t_lib/nfc_t2t_lib_gcc.a
LOAD F:\Code\Akita-Heltec-Reticulum-Tracker\arduino_build/core\core.a
END GROUP
LOAD c:/users/shaun/appdata/local/arduino15/packages/arduino/tools/arm-none-eabi-gcc/4.8.3-2014q1/bin/../lib/gcc/arm-none-eabi/4.8.3/../../../../arm-none-eabi/lib/armv7e-m/fpu\libstdc++_s.a
LOAD c:/users/shaun/appdata/local/arduino15/packages/arduino/tools/arm-none-eabi-gcc/4.8.3-2014q1/bin/../lib/gcc/arm-none-eabi/4.8.3/../../../../arm-none-eabi/lib/armv7e-m/fpu\libm.a
START GROUP
LOAD c:/users/shaun/appdata/local/arduino15/packages/arduino/tools/arm-none-eabi-gcc/4.8.3-2014q1/bin/../lib/gcc/arm-none-eabi/4.8.3/armv7e-m/fpu\libgcc.a
LOAD c:/users/shaun/appdata/local/arduino15/packages/arduino/tools/arm-none-eabi-gcc/4.8.3-2014q1/bin/../lib/gcc/arm-none-eabi/4.8.3/../../../../arm-none-eabi/lib/armv7e-m/fpu\libc_s.a
END GROUP
START GROUP
LOAD c:/users/shaun/appdata/local/arduino15/packages/arduino/tools/arm-none-eabi-gcc/4.8.3-2014q1/bin/../lib/gcc/arm-none-eabi/4.8.3/armv7e-m/fpu\libgcc.a
LOAD c:/users/shaun/appdata/local/arduino15/packages/arduino/tools/arm-none-eabi-gcc/4.8.3-2014q1/bin/../lib/gcc/arm-none-eabi/4.8.3/../../../../arm-none-eabi/lib/armv7e-m/fpu\libc_s.a
END GROUP
LOAD c:/users/shaun/appdata/local/arduino15/packages/arduino/tools/arm-none-eabi-gcc/4.8.3-2014q1/bin/../lib/gcc/arm-none-eabi/4.8.3/armv7e-m/fpu/crtend.o
LOAD c:/users/shaun/appdata/local/arduino15/packages/arduino/tools/arm-none-eabi-gcc/4.8.3-2014q1/bin/../lib/gcc/arm-none-eabi/4.8.3/armv7e-m/fpu/crtn.o
START GROUP
LOAD c:/users/shaun/appdata/local/arduino15/packages/arduino/tools/arm-none-eabi-gcc/4.8.3-2014q1/bin/../lib/gcc/arm-none-eabi/4.8.3/armv7e-m/fpu\libgcc.a
LOAD c:/users/shaun/appdata/local/arduino15/packages/arduino/tools/arm-none-eabi-gcc/4.8.3-2014q1/bin/../lib/gcc/arm-none-eabi/4.8.3/../../../../arm-none-eabi/lib/armv7e-m/fpu\libc.a
LOAD c:/users/shaun/appdata/local/arduino15/packages/arduino/tools/arm-none-eabi-gcc/4.8.3-2014q1/bin/../lib/gcc/arm-none-eabi/4.8.3/../../../../arm-none-eabi/lib/armv7e-m/fpu\libnosys.a
END GROUP

.text           0x0001c000     0xab88
 *(.isr_vector)
 .isr_vector    0x0001c000      0x400 F:\Code\Akita-Heltec-Reticulum-Tracker\arduino_build/core\core.a(startup_nrf52.S.o)
                0x0001c000                __isr_vector
 *(.text*)
 .text          0x0001c400       0x54 c:/users/shaun/appdata/local/arduino15/packages/arduino/tools/arm-none-eabi-gcc/4.8.3-2014q1/bin/../lib/gcc/arm-none-eabi/4.8.3/armv7e-m/fpu/crtbegin.o
 .text.NVIC_SystemReset
                0x0001c454       0x24 F:\Code\Akita-Heltec-Reticulum-Tracker\arduino_build\sketch\Akita_Heltec_Reticulum_Tracker.cpp.o
 .text._Z18controlPeripheralsb
                0x0001c478       0x10 F:\Code\Akita-Heltec-Reticulum-Tracker\arduino_build\sketch\Akita_Heltec_Reticulum_Tracker.cpp.o
                0x0001c478                controlPeripherals(bool)
 .text._Z18readBatteryVoltagev
                0x0001c488       0xc0 F:\Code\Akita-Heltec-Reticulum-Tracker\arduino_build\sketch\Akita_Heltec_Reticulum_Tracker.cpp.o
                0x0001c488                readBatteryVoltage()
 .text._Z16configureFromNVSv
                0x0001c548       0xb4 F:\Code\Akita-Heltec-Reticulum-Tracker\arduino_build\sketch\Akita_Heltec_Reticulum_Tracker.cpp.o
                0x0001c548                configureFromNVS()
 .text._Z17saveConfigurationv
                0x0001c5fc       0x10 F:\Code\Akita-Heltec-Reticulum-Tracker\arduino_build\sketch\Akita_Heltec_Reticulum_Tracker.cpp.o
                0x0001c5fc                saveConfiguration()
 .text._Z8setupLedv
                0x0001c60c       0x16 F:\Code\Akita-Heltec-Reticulum-Tracker\arduino_build\sketch\Akita_Heltec_Reticulum_Tracker.cpp.o
                0x0001c60c                setupLed()
 *fill*         0x0001c622        0x2 
 .text._Z6setLed24AkitaLedIndicatorState_t
                0x0001c624       0x3c F:\Code\Akita-Heltec-Reticulum-Tracker\arduino_build\sketch\Akita_Heltec_Reticulum_Tracker.cpp.o
                0x0001c624                setLed(AkitaLedIndicatorState_t)
 .text._Z14initializeLoRav
                0x0001c660       0xa0 F:\Code\Akita-Heltec-Reticulum-Tracker\arduino_build\sketch\Akita_Heltec_Reticulum_Tracker.cpp.o
                0x0001c660                initializeLoRa()
 .text._Z9updateLedv
                0x0001c700       0x58 F:\Code\Akita-Heltec-Reticulum-Tracker\arduino_build\sketch\Akita_Heltec_Reticulum_Tracker.cpp.o
                0x0001c700                updateLed()
 .text._Z8app_loopv
                0x0001c758       0x60 F:\Code\Akita-Heltec-Reticulum-Tracker\arduino_build\sketch\Akita_Heltec_Reticulum_Tracker.cpp.o
                0x0001c758                app_loop()
 .text.startup._GLOBAL__sub_I_preferences
                0x0001c7b8        0xc F:\Code\Akita-Heltec-Reticulum-Tracker\arduino_build\sketch\Akita_Heltec_Reticulum_Tracker.cpp.o
 *fill*         0x0001c7c4        0x4 
 .text._Z25handleSerialConfigurationv
                0x0001c7c8      0x3c8 F:\Code\Akita-Heltec-Reticulum-Tracker\arduino_build\sketch\Akita_Heltec_Reticulum_Tracker.cpp.o
                0x0001c7c8                handleSerialConfiguration()
 .text._Z21performTrackingActionv
                0x0001cb90      0x418 F:\Code\Akita-Heltec-Reticulum-Tracker\arduino_build\sketch\Akita_Heltec_Reticulum_Tracker.cpp.o
                0x0001cb90                performTrackingAction()
 .text._Z13goToDeepSleepv
                0x0001cfa8       0x70 F:\Code\Akita-Heltec-Reticulum-Tracker\arduino_build\sketch\Akita_Heltec_Reticulum_Tracker.cpp.o
                0x0001cfa8                goToDeepSleep()
 .text._Z9app_setupv
                0x0001d018      0x174 F:\Code\Akita-Heltec-Reticulum-Tracker\arduino_build\sketch\Akita_Heltec_Reticulum_Tracker.cpp.o
                0x0001d018                app_setup()
 .text.setup    0x0001d18c        0x4 F:\Code\Akita-Heltec-Reticulum-Tracker\arduino_build\sketch\Akita_Heltec_Reticulum_Tracker.ino.cpp.o
                0x0001d18c                setup
 .text.loop     0x0001d190        0x4 F:\Code\Akita-Heltec-Reticulum-Tracker\arduino_build\sketch\Akita_Heltec_Reticulum_Tracker.ino.cpp.o
                0x0001d190                loop
 .text._ZN11TinyGPSPlusC2Ev
                0x0001d194       0xa6 F:\Code\Akita-Heltec-Reticulum-Tracker\arduino_build\libraries\TinyGPSPlus\TinyGPS++.cpp.o
                0x0001d194                TinyGPSPlus::TinyGPSPlus()
                0x0001d194                TinyGPSPlus::TinyGPSPlus()
 .text._ZN11TinyGPSPlus7fromHexEc
                0x0001d23a       0x20 F:\Code\Akita-Heltec-Reticulum-Tracker\arduino_build\libraries\TinyGPSPlus\TinyGPS++.cpp.o
                0x0001d23a                TinyGPSPlus::fromHex(char)
 .text._ZN11TinyGPSPlus12parseDecimalEPKc
                0x0001d25a       0x5c F:\Code\Akita-Heltec-Reticulum-Tracker\arduino_build\libraries\TinyGPSPlus\TinyGPS++.cpp.o
                0x0001d25a                TinyGPSPlus::parseDecimal(char const*)
 *fill*         0x0001d2b6        0x2 
 .text._ZN11TinyGPSPlus12parseDegreesEPKcR10RawDegrees
                0x0001d2b8       0x6c F:\Code\Akita-Heltec-Reticulum-Tracker\arduino_build\libraries\TinyGPSPlus\TinyGPS++.cpp.o
                0x0001d2b8                TinyGPSPlus::parseDegrees(char const*, RawDegrees&)
 .text._ZN15TinyGPSLocation6commitEv
                0x0001d324       0x32 F:\Code\Akita-Heltec-Reticulum-Tracker\arduino_build\libraries\TinyGPSPlus\TinyGPS++.cpp.o
                0x0001d324                TinyGPSLocation::commit()
 *fill*         0x0001d356        0x2 
 .text._ZN15TinyGPSLocation3latEv
                0x0001d358       0x50 F:\Code\Akita-Heltec-Reticulum-Tracker\arduino_build\libraries\TinyGPSPlus\TinyGPS++.cpp.o
                0x0001d358                TinyGPSLocation::lat()
 .text._ZN15TinyGPSLocation3lngEv
                0x0001d3a8       0x50 F:\Code\Akita-Heltec-Reticulum-Tracker\arduino_build\libraries\TinyGPSPlus\TinyGPS++.cpp.o
                0x0001d3a8                TinyGPSLocation::lng()
 .text._ZN11TinyGPSDate6commitEv
                0x0001d3f8       0x16 F:\Code\Akita-Heltec-Reticulum-Tracker\arduino_build\libraries\TinyGPSPlus\TinyGPS++.cpp.o
                0x0001d3f8                TinyGPSDate::commit()
 .text._ZN11TinyGPSTime6commitEv
                0x0001d40e       0x16 F:\Code\Akita-Heltec-Reticulum-Tracker\arduino_build\libraries\TinyGPSPlus\TinyGPS++.cpp.o
                0x0001d40e                TinyGPSTime::commit()
 .text._ZN11TinyGPSTime7setTimeEPKc
                0x0001d424        0xe F:\Code\Akita-Heltec-Reticulum-Tracker\arduino_build\libraries\TinyGPSPlus\TinyGPS++.cpp.o
                0x0001d424                TinyGPSTime::setTime(char const*)
 .text._ZN11TinyGPSDate7setDateEPKc
                0x0001d432        0xe F:\Code\Akita-Heltec-Reticulum-Tracker\arduino_build\libraries\TinyGPSPlus\TinyGPS++.cpp.o
                0x0001d432                TinyGPSDate::setDate(char const*)
 .text._ZN14TinyGPSDecimal6commitEv
                0x0001d440       0x16 F:\Code\Akita-Heltec-Reticulum-Tracker\arduino_build\libraries\TinyGPSPlus\TinyGPS++.cpp.o
                0x0001d440                TinyGPSDecimal::commit()
 .text._ZN14TinyGPSDecimal3setEPKc
                0x0001d456        0xe F:\Code\Akita-Heltec-Reticulum-Tracker\arduino_build\libraries\TinyGPSPlus\TinyGPS++.cpp.o
                0x0001d456                TinyGPSDecimal::set(char const*)
 .text._ZN14TinyGPSInteger6commitEv
                0x0001d464       0x16 F:\Code\Akita-Heltec-Reticulum-Tracker\arduino_build\libraries\TinyGPSPlus\TinyGPS++.cpp.o
                0x0001d464                TinyGPSInteger::commit()
 .text._ZN14TinyGPSInteger3setEPKc
                0x0001d47a        0xe F:\Code\Akita-Heltec-Reticulum-Tracker\arduino_build\libraries\TinyGPSPlus\TinyGPS++.cpp.o
                0x0001d47a                TinyGPSInteger::set(char const*)
 .text._ZN13TinyGPSCustom6commitEv
                0x0001d488       0x1e F:\Code\Akita-Heltec-Reticulum-Tracker\arduino_build\libraries\TinyGPSPlus\TinyGPS++.cpp.o
                0x0001d488                TinyGPSCustom::commit()
 .text._ZN13TinyGPSCustom3setEPKc
                0x0001d4a6        0x6 F:\Code\Akita-Heltec-Reticulum-Tracker\arduino_build\libraries\TinyGPSPlus\TinyGPS++.cpp.o
                0x0001d4a6                TinyGPSCustom::set(char const*)
 .text._ZN11TinyGPSPlus16endOfTermHandlerEv
                0x0001d4ac      0x274 F:\Code\Akita-Heltec-Reticulum-Tracker\arduino_build\libraries\TinyGPSPlus\TinyGPS++.cpp.o
                0x0001d4ac                TinyGPSPlus::endOfTermHandler()
 .text._ZN11TinyGPSPlus6encodeEc
                0x0001d720       0xb0 F:\Code\Akita-Heltec-Reticulum-Tracker\arduino_build\libraries\TinyGPSPlus\TinyGPS++.cpp.o
                0x0001d720                TinyGPSPlus::encode(char)
 .text._ZN8SPIClass11setDataModeEh.part.0
                0x0001d7d0       0x1c F:\Code\Akita-Heltec-Reticulum-Tracker\arduino_build\libraries\SPI\SPI.cpp.o
 .text._ZN8SPIClass3endEv
                0x0001d7ec       0x10 F:\Code\Akita-Heltec-Reticulum-Tracker\arduino_build\libraries\SPI\SPI.cpp.o
                0x0001d7ec                SPIClass::end()
 .text._ZN8SPIClass14endTransactionEv
                0x0001d7fc        0x8 F:\Code\Akita-Heltec-Reticulum-Tracker\arduino_build\libraries\SPI\SPI.cpp.o
                0x0001d7fc                SPIClass::endTransaction()
 .text._ZN8SPIClass11setBitOrderE8BitOrder
                0x0001d804       0x1a F:\Code\Akita-Heltec-Reticulum-Tracker\arduino_build\libraries\SPI\SPI.cpp.o
                0x0001d804                SPIClass::setBitOrder(BitOrder)
 *fill*         0x0001d81e        0x2 
 .text._ZN8SPIClass5beginEv
                0x0001d820       0x6c F:\Code\Akita-Heltec-Reticulum-Tracker\arduino_build\libraries\SPI\SPI.cpp.o
                0x0001d820                SPIClass::begin()
 .text._ZN8SPIClass11setDataModeEh
                0x0001d88c       0x50 F:\Code\Akita-Heltec-Reticulum-Tracker\arduino_build\libraries\SPI\SPI.cpp.o
                0x0001d88c                SPIClass::setDataMode(unsigned char)
 .text._ZN8SPIClass16beginTransactionE11SPISettings
                0x0001d8dc      0x100 F:\Code\Akita-Heltec-Reticulum-Tracker\arduino_build\libraries\SPI\SPI.cpp.o
                0x0001d8dc                SPIClass::beginTransaction(SPISettings)
 .text._ZN8SPIClass8transferEh
                0x0001d9dc       0x1c F:\Code\Akita-Heltec-Reticulum-Tracker\arduino_build\libraries\SPI\SPI.cpp.o
                0x0001d9dc                SPIClass::transfer(unsigned char)
 .text.startup._GLOBAL__sub_I__ZN8SPIClassC2EP12NRF_SPI_Typehhh
                0x0001d9f8       0x1c F:\Code\Akita-Heltec-Reticulum-Tracker\arduino_build\libraries\SPI\SPI.cpp.o
 .text._ZN9LoRaClass5writeEh
                0x0001da14       0x16 F:\Code\Akita-Heltec-Reticulum-Tracker\arduino_build\libraries\LoRa\LoRa.cpp.o
                0x0001da14                LoRaClass::write(unsigned char)
 .text._ZN9LoRaClass5flushEv
                0x0001da2a        0x2 F:\Code\Akita-Heltec-Reticulum-Tracker\arduino_build\libraries\LoRa\LoRa.cpp.o
                0x0001da2a                LoRaClass::flush()
 .text._ZN9LoRaClassC2Ev
                0x0001da2c       0x4c F:\Code\Akita-Heltec-Reticulum-Tracker\arduino_build\libraries\LoRa\LoRa.cpp.o
                0x0001da2c                LoRaClass::LoRaClass()
                0x0001da2c                LoRaClass::LoRaClass()
 .text._ZN9LoRaClass7setPinsEiii
                0x0001da78        0x8 F:\Code\Akita-Heltec-Reticulum-Tracker\arduino_build\libraries\LoRa\LoRa.cpp.o
                0x0001da78                LoRaClass::setPins(int, int, int)
 .text._ZN9LoRaClass14singleTransferEhh
                0x0001da80       0x42 F:\Code\Akita-Heltec-Reticulum-Tracker\arduino_build\libraries\LoRa\LoRa.cpp.o
                0x0001da80                LoRaClass::singleTransfer(unsigned char, unsigned char)
 .text._ZN9LoRaClass12readRegisterEh
                0x0001dac2        0xa F:\Code\Akita-Heltec-Reticulum-Tracker\arduino_build\libraries\LoRa\LoRa.cpp.o
                0x0001dac2                LoRaClass::readRegister(unsigned char)
 .text._ZN9LoRaClass9availableEv
                0x0001dacc       0x10 F:\Code\Akita-Heltec-Reticulum-Tracker\arduino_build\libraries\LoRa\LoRa.cpp.o
                0x0001dacc                LoRaClass::available()
 .text._ZN9LoRaClass4readEv
                0x0001dadc       0x22 F:\Code\Akita-Heltec-Reticulum-Tracker\arduino_build\libraries\LoRa\LoRa.cpp.o
                0x0001dadc                LoRaClass::read()
 .text._ZN9LoRaClass9endPacketEb
                0x0001dafe       0x40 F:\Code\Akita-Heltec-Reticulum-Tracker\arduino_build\libraries\LoRa\LoRa.cpp.o
                0x0001dafe                LoRaClass::endPacket(bool)
 .text._ZN9LoRaClass14isTransmittingEv
                0x0001db3e       0x36 F:\Code\Akita-Heltec-Reticulum-Tracker\arduino_build\libraries\LoRa\LoRa.cpp.o
                0x0001db3e                LoRaClass::isTransmitting()
 .text._ZN9LoRaClass5writeEPKhj
                0x0001db74       0x44 F:\Code\Akita-Heltec-Reticulum-Tracker\arduino_build\libraries\LoRa\LoRa.cpp.o
                0x0001db74                LoRaClass::write(unsigned char const*, unsigned int)
 .text._ZN9LoRaClass4peekEv
                0x0001dbb8       0x34 F:\Code\Akita-Heltec-Reticulum-Tracker\arduino_build\libraries\LoRa\LoRa.cpp.o
                0x0001dbb8                LoRaClass::peek()
 .text._ZN9LoRaClass4idleEv
                0x0001dbec        0x8 F:\Code\Akita-Heltec-Reticulum-Tracker\arduino_build\libraries\LoRa\LoRa.cpp.o
                0x0001dbec                LoRaClass::idle()
 .text._ZN9LoRaClass5sleepEv
                0x0001dbf4        0x8 F:\Code\Akita-Heltec-Reticulum-Tracker\arduino_build\libraries\LoRa\LoRa.cpp.o
                0x0001dbf4                LoRaClass::sleep()
 .text._ZN9LoRaClass12setFrequencyEl
                0x0001dbfc       0x50 F:\Code\Akita-Heltec-Reticulum-Tracker\arduino_build\libraries\LoRa\LoRa.cpp.o
                0x0001dbfc                LoRaClass::setFrequency(long)
 .text._ZN9LoRaClass6setOCPEh
                0x0001dc4c       0x2a F:\Code\Akita-Heltec-Reticulum-Tracker\arduino_build\libraries\LoRa\LoRa.cpp.o
                0x0001dc4c                LoRaClass::setOCP(unsigned char)
 .text._ZN9LoRaClass10setTxPowerEii
                0x0001dc76       0x5e F:\Code\Akita-Heltec-Reticulum-Tracker\arduino_build\libraries\LoRa\LoRa.cpp.o
                0x0001dc76                LoRaClass::setTxPower(int, int)
 .text._ZN9LoRaClass5beginEl
                0x0001dcd4       0xaa F:\Code\Akita-Heltec-Reticulum-Tracker\arduino_build\libraries\LoRa\LoRa.cpp.o
                0x0001dcd4                LoRaClass::begin(long)
 .text._ZN9LoRaClass18explicitHeaderModeEv
                0x0001dd7e       0x1e F:\Code\Akita-Heltec-Reticulum-Tracker\arduino_build\libraries\LoRa\LoRa.cpp.o
                0x0001dd7e                LoRaClass::explicitHeaderMode()
 .text._ZN9LoRaClass18implicitHeaderModeEv
                0x0001dd9c       0x20 F:\Code\Akita-Heltec-Reticulum-Tracker\arduino_build\libraries\LoRa\LoRa.cpp.o
                0x0001dd9c                LoRaClass::implicitHeaderMode()
 .text._ZN9LoRaClass11beginPacketEi
                0x0001ddbc       0x3c F:\Code\Akita-Heltec-Reticulum-Tracker\arduino_build\libraries\LoRa\LoRa.cpp.o
                0x0001ddbc                LoRaClass::beginPacket(int)
 .text.startup._GLOBAL__sub_I__ZN9LoRaClassC2Ev
                0x0001ddf8        0xc F:\Code\Akita-Heltec-Reticulum-Tracker\arduino_build\libraries\LoRa\LoRa.cpp.o
 .text.startup._GLOBAL__sub_I_g_APinDescription
                0x0001de04       0x10 F:\Code\Akita-Heltec-Reticulum-Tracker\arduino_build\core\variant.cpp.o
 .text._ZN5Print5writeEPKhj
                0x0001de14       0x22 F:\Code\Akita-Heltec-Reticulum-Tracker\arduino_build/core\core.a(Print.cpp.o)
                0x0001de14                Print::write(unsigned char const*, unsigned int)
 .text._ZN5Print5writeEPKc
                0x0001de36       0x20 F:\Code\Akita-Heltec-Reticulum-Tracker\arduino_build/core\core.a(Print.cpp.o)
                0x0001de36                Print::write(char const*)
 .text._ZN5Print5printERK6String
                0x0001de56       0x10 F:\Code\Akita-Heltec-Reticulum-Tracker\arduino_build/core\core.a(Print.cpp.o)
                0x0001de56                Print::print(String const&)
 .text._ZN5Print5printEPKc
                0x0001de66        0x8 F:\Code\Akita-Heltec-Reticulum-Tracker\arduino_build/core\core.a(Print.cpp.o)
                0x0001de66                Print::print(char const*)
 .text._ZN5Print5printEc
                0x0001de6e        0xa F:\Code\Akita-Heltec-Reticulum-Tracker\arduino_build/core\core.a(Print.cpp.o)
                0x0001de6e                Print::print(char)
 .text._ZN5Print7printlnEv
                0x0001de78       0x10 F:\Code\Akita-Heltec-Reticulum-Tracker\arduino_build/core\core.a(Print.cpp.o)
                0x0001de78                Print::println()
 .text._ZN5Print7printlnERK6String
                0x0001de88       0x14 F:\Code\Akita-Heltec-Reticulum-Tracker\arduino_build/core\core.a(Print.cpp.o)
                0x0001de88                Print::println(String const&)
 .text._ZN5Print7printlnEPKc
                0x0001de9c       0x14 F:\Code\Akita-Heltec-Reticulum-Tracker\arduino_build/core\core.a(Print.cpp.o)
                0x0001de9c                Print::println(char const*)
 .text._ZN5Print11printNumberEmh
                0x0001deb0       0x3c F:\Code\Akita-Heltec-Reticulum-Tracker\arduino_build/core\core.a(Print.cpp.o)
                0x0001deb0                Print::printNumber(unsigned long, unsigned char)
 .text._ZN5Print5printEli
                0x0001deec       0x3c F:\Code\Akita-Heltec-Reticulum-Tracker\arduino_build/core\core.a(Print.cpp.o)
                0x0001deec                Print::print(long, int)
 .text._ZN5Print5printEii
                0x0001df28        0x4 F:\Code\Akita-Heltec-Reticulum-Tracker\arduino_build/core\core.a(Print.cpp.o)
                0x0001df28                Print::print(int, int)
 .text._ZN5Print7printlnEii
                0x0001df2c       0x14 F:\Code\Akita-Heltec-Reticulum-Tracker\arduino_build/core\core.a(Print.cpp.o)
                0x0001df2c                Print::println(int, int)
 .text._ZN5Print5printEmi
                0x0001df40       0x18 F:\Code\Akita-Heltec-Reticulum-Tracker\arduino_build/core\core.a(Print.cpp.o)
                0x0001df40                Print::print(unsigned long, int)
 .text._ZN5Print5printEhi
                0x0001df58        0x4 F:\Code\Akita-Heltec-Reticulum-Tracker\arduino_build/core\core.a(Print.cpp.o)
                0x0001df58                Print::print(unsigned char, int)
 .text._ZN5Print7printlnEhi
                0x0001df5c       0x14 F:\Code\Akita-Heltec-Reticulum-Tracker\arduino_build/core\core.a(Print.cpp.o)
                0x0001df5c                Print::println(unsigned char, int)
 .text._ZN5Print7printlnEmi
                0x0001df70       0x14 F:\Code\Akita-Heltec-Reticulum-Tracker\arduino_build/core\core.a(Print.cpp.o)
                0x0001df70                Print::println(unsigned long, int)
 .text._ZN5Print10printFloatEdh
                0x0001df84      0x144 F:\Code\Akita-Heltec-Reticulum-Tracker\arduino_build/core\core.a(Print.cpp.o)
                0x0001df84                Print::printFloat(double, unsigned char)
 .text._ZN5Print5printEdi
                0x0001e0c8        0x6 F:\Code\Akita-Heltec-Reticulum-Tracker\arduino_build/core\core.a(Print.cpp.o)
                0x0001e0c8                Print::print(double, int)
 .text._ZN5Print7printlnEdi
                0x0001e0ce       0x16 F:\Code\Akita-Heltec-Reticulum-Tracker\arduino_build/core\core.a(Print.cpp.o)
                0x0001e0ce                Print::println(double, int)
 .text._ZN6Stream9timedReadEv
                0x0001e0e4       0x2a F:\Code\Akita-Heltec-Reticulum-Tracker\arduino_build/core\core.a(Stream.cpp.o)
                0x0001e0e4                Stream::timedRead()
 .text._ZN6Stream10setTimeoutEm
                0x0001e10e        0x4 F:\Code\Akita-Heltec-Reticulum-Tracker\arduino_build/core\core.a(Stream.cpp.o)
                0x0001e10e                Stream::setTimeout(unsigned long)
 *fill*         0x0001e112        0x2 
 .text._ZN6Stream15readStringUntilEc
                0x0001e114       0x30 F:\Code\Akita-Heltec-Reticulum-Tracker\arduino_build/core\core.a(Stream.cpp.o)
                0x0001e114                Stream::readStringUntil(char)
 .text._ZN4UartcvbEv
                0x0001e144        0x4 F:\Code\Akita-Heltec-Reticulum-Tracker\arduino_build/core\core.a(Uart.cpp.o)
                0x0001e144                Uart::operator bool()
 .text._ZN4Uart5writeEh
                0x0001e148       0x28 F:\Code\Akita-Heltec-Reticulum-Tracker\arduino_build/core\core.a(Uart.cpp.o)
                0x0001e148                Uart::write(unsigned char)
 .text._ZN4Uart3endEv
                0x0001e170       0x3c F:\Code\Akita-Heltec-Reticulum-Tracker\arduino_build/core\core.a(Uart.cpp.o)
                0x0001e170                Uart::end()
 .text._ZN4Uart5flushEv
                0x0001e1ac       0x10 F:\Code\Akita-Heltec-Reticulum-Tracker\arduino_build/core\core.a(Uart.cpp.o)
                0x0001e1ac                Uart::flush()
 .text._ZN4Uart9availableEv
                0x0001e1bc        0x6 F:\Code\Akita-Heltec-Reticulum-Tracker\arduino_build/core\core.a(Uart.cpp.o)
                0x0001e1bc                Uart::available()
 .text._ZN4Uart4peekEv
                0x0001e1c2        0x6 F:\Code\Akita-Heltec-Reticulum-Tracker\arduino_build/core\core.a(Uart.cpp.o)
                0x0001e1c2                Uart::peek()
 .text._ZN4Uart4readEv
                0x0001e1c8        0x6 F:\Code\Akita-Heltec-Reticulum-Tracker\arduino_build/core\core.a(Uart.cpp.o)
                0x0001e1c8                Uart::read()
 *fill*         0x0001e1ce        0x2 
 .text._ZN4UartC2Ehh
                0x0001e1d0       0x2c F:\Code\Akita-Heltec-Reticulum-Tracker\arduino_build/core\core.a(Uart.cpp.o)
                0x0001e1d0                Uart::Uart(unsigned char, unsigned char)
                0x0001e1d0                Uart::Uart(unsigned char, unsigned char)
 .text._ZN4Uart10IrqHandlerEv
                0x0001e1fc       0x18 F:\Code\Akita-Heltec-Reticulum-Tracker\arduino_build/core\core.a(Uart.cpp.o)
                0x0001e1fc                Uart::IrqHandler()
 .text._ZN4Uart13adaptBaudrateEm
                0x0001e214       0xe4 F:\Code\Akita-Heltec-Reticulum-Tracker\arduino_build/core\core.a(Uart.cpp.o)
                0x0001e214                Uart::adaptBaudrate(unsigned long)
 .text._ZN4Uart13extractParityEh
                0x0001e2f8        0xe F:\Code\Akita-Heltec-Reticulum-Tracker\arduino_build/core\core.a(Uart.cpp.o)
                0x0001e2f8                Uart::extractParity(unsigned char)
 *fill*         0x0001e306        0x2 
 .text._ZN4Uart5beginEmh
                0x0001e308       0xd0 F:\Code\Akita-Heltec-Reticulum-Tracker\arduino_build/core\core.a(Uart.cpp.o)
                0x0001e308                Uart::begin(unsigned long, unsigned char)
 .text._ZN4Uart5beginEm
                0x0001e3d8        0x6 F:\Code\Akita-Heltec-Reticulum-Tracker\arduino_build/core\core.a(Uart.cpp.o)
                0x0001e3d8                Uart::begin(unsigned long)
 *fill*         0x0001e3de        0x2 
 .text.UARTE0_UART0_IRQHandler
                0x0001e3e0        0xc F:\Code\Akita-Heltec-Reticulum-Tracker\arduino_build/core\core.a(Uart.cpp.o)
                0x0001e3e0                UARTE0_UART0_IRQHandler
 .text.GPIOTE_IRQHandler
                0x0001e3ec       0x60 F:\Code\Akita-Heltec-Reticulum-Tracker\arduino_build/core\core.a(WInterrupts.c.o)
                0x0001e3ec                GPIOTE_IRQHandler
 .text._ZN6StringD2Ev
                0x0001e44c        0xe F:\Code\Akita-Heltec-Reticulum-Tracker\arduino_build/core\core.a(WString.cpp.o)
                0x0001e44c                String::~String()
                0x0001e44c                String::~String()
 .text._ZN6String10invalidateEv
                0x0001e45a       0x16 F:\Code\Akita-Heltec-Reticulum-Tracker\arduino_build/core\core.a(WString.cpp.o)
                0x0001e45a                String::invalidate()
 .text._ZN6String12changeBufferEj
                0x0001e470       0x18 F:\Code\Akita-Heltec-Reticulum-Tracker\arduino_build/core\core.a(WString.cpp.o)
                0x0001e470                String::changeBuffer(unsigned int)
 .text._ZN6String7reserveEj
                0x0001e488       0x22 F:\Code\Akita-Heltec-Reticulum-Tracker\arduino_build/core\core.a(WString.cpp.o)
                0x0001e488                String::reserve(unsigned int)
 .text._ZN6String4copyEPKcj
                0x0001e4aa       0x26 F:\Code\Akita-Heltec-Reticulum-Tracker\arduino_build/core\core.a(WString.cpp.o)
                0x0001e4aa                String::copy(char const*, unsigned int)
 .text._ZN6StringC2EPKc
                0x0001e4d0       0x24 F:\Code\Akita-Heltec-Reticulum-Tracker\arduino_build/core\core.a(WString.cpp.o)
                0x0001e4d0                String::String(char const*)
                0x0001e4d0                String::String(char const*)
 .text._ZN6StringaSERKS_
                0x0001e4f4       0x1e F:\Code\Akita-Heltec-Reticulum-Tracker\arduino_build/core\core.a(WString.cpp.o)
                0x0001e4f4                String::operator=(String const&)
 .text._ZN6StringaSEPKc
                0x0001e512       0x22 F:\Code\Akita-Heltec-Reticulum-Tracker\arduino_build/core\core.a(WString.cpp.o)
                0x0001e512                String::operator=(char const*)
 .text._ZN6StringC2Eih
                0x0001e534       0x24 F:\Code\Akita-Heltec-Reticulum-Tracker\arduino_build/core\core.a(WString.cpp.o)
                0x0001e534                String::String(int, unsigned char)
                0x0001e534                String::String(int, unsigned char)
 .text._ZN6String6concatEPKcj
                0x0001e558       0x2e F:\Code\Akita-Heltec-Reticulum-Tracker\arduino_build/core\core.a(WString.cpp.o)
                0x0001e558                String::concat(char const*, unsigned int)
 .text._ZN6String6concatEc
                0x0001e586       0x1a F:\Code\Akita-Heltec-Reticulum-Tracker\arduino_build/core\core.a(WString.cpp.o)
                0x0001e586                String::concat(char)
 .text._ZplRK15StringSumHelperRK6String
                0x0001e5a0       0x1a F:\Code\Akita-Heltec-Reticulum-Tracker\arduino_build/core\core.a(WString.cpp.o)
                0x0001e5a0                operator+(StringSumHelper const&, String const&)
 .text._ZplRK15StringSumHelperPKc
                0x0001e5ba       0x24 F:\Code\Akita-Heltec-Reticulum-Tracker\arduino_build/core\core.a(WString.cpp.o)
                0x0001e5ba                operator+(StringSumHelper const&, char const*)
 .text._ZNK6String16equalsIgnoreCaseERKS_
                0x0001e5de       0x3c F:\Code\Akita-Heltec-Reticulum-Tracker\arduino_build/core\core.a(WString.cpp.o)
                0x0001e5de                String::equalsIgnoreCase(String const&) const
 .text._ZNK6String10startsWithERKS_j
                0x0001e61a       0x2e F:\Code\Akita-Heltec-Reticulum-Tracker\arduino_build/core\core.a(WString.cpp.o)
                0x0001e61a                String::startsWith(String const&, unsigned int) const
 .text._ZNK6String10startsWithERKS_
                0x0001e648       0x12 F:\Code\Akita-Heltec-Reticulum-Tracker\arduino_build/core\core.a(WString.cpp.o)
                0x0001e648                String::startsWith(String const&) const
 *fill*         0x0001e65a        0x2 
 .text._ZNK6String9substringEjj
                0x0001e65c       0x4c F:\Code\Akita-Heltec-Reticulum-Tracker\arduino_build/core\core.a(WString.cpp.o)
                0x0001e65c                String::substring(unsigned int, unsigned int) const
 .text._ZN6String4trimEv
                0x0001e6a8       0x50 F:\Code\Akita-Heltec-Reticulum-Tracker\arduino_build/core\core.a(WString.cpp.o)
                0x0001e6a8                String::trim()
 .text._ZNK6String5toIntEv
                0x0001e6f8        0xa F:\Code\Akita-Heltec-Reticulum-Tracker\arduino_build/core\core.a(WString.cpp.o)
                0x0001e6f8                String::toInt() const
 *fill*         0x0001e702        0x2 
 .text.millis   0x0001e704        0xc F:\Code\Akita-Heltec-Reticulum-Tracker\arduino_build/core\core.a(delay.c.o)
                0x0001e704                millis
 .text.SysTick_Handler
                0x0001e710       0x10 F:\Code\Akita-Heltec-Reticulum-Tracker\arduino_build/core\core.a(delay.c.o)
                0x0001e710                SysTick_Handler
 .text.delay    0x0001e720       0x20 F:\Code\Akita-Heltec-Reticulum-Tracker\arduino_build/core\core.a(delay.c.o)
                0x0001e720                delay
 .text.__empty  0x0001e740        0x2 F:\Code\Akita-Heltec-Reticulum-Tracker\arduino_build/core\core.a(hooks.c.o)
                0x0001e740                yield
 .text.ltoa     0x0001e742       0x6e F:\Code\Akita-Heltec-Reticulum-Tracker\arduino_build/core\core.a(itoa.c.o)
                0x0001e742                ltoa
 .text.itoa     0x0001e7b0        0x4 F:\Code\Akita-Heltec-Reticulum-Tracker\arduino_build/core\core.a(itoa.c.o)
                0x0001e7b0                itoa
 .text.startup.main
                0x0001e7b4       0x44 F:\Code\Akita-Heltec-Reticulum-Tracker\arduino_build/core\core.a(main.cpp.o)
                0x0001e7b4                main
 .text          0x0001e7f8       0x54 F:\Code\Akita-Heltec-Reticulum-Tracker\arduino_build/core\core.a(startup_nrf52.S.o)
                0x0001e7f8                Reset_Handler
                0x0001e838                NMI_Handler
                0x0001e83a                HardFault_Handler
                0x0001e83c                MemoryManagement_Handler
                0x0001e83e                BusFault_Handler
                0x0001e840                UsageFault_Handler
                0x0001e842                SVC_Handler
                0x0001e844                DebugMonitor_Handler
                0x0001e846                PendSV_Handler
                0x0001e84a                PDM_IRQHandler
                0x0001e84a                TEMP_IRQHandler
                0x0001e84a                QDEC_IRQHandler
                0x0001e84a                TIMER3_IRQHandler
                0x0001e84a                FPU_IRQHandler
                0x0001e84a                SPIM0_SPIS0_TWIM0_TWIS0_SPI0_TWI0_IRQHandler
                0x0001e84a                POWER_CLOCK_IRQHandler
                0x0001e84a                TIMER4_IRQHandler
                0x0001e84a                I2S_IRQHandler
                0x0001e84a                SWI4_EGU4_IRQHandler
                0x0001e84a                TIMER0_IRQHandler
                0x0001e84a                RADIO_IRQHandler
                0x0001e84a                PWM1_IRQHandler
                0x0001e84a                PWM2_IRQHandler
                0x0001e84a                ECB_IRQHandler
                0x0001e84a                SPIM1_SPIS1_TWIM1_TWIS1_SPI1_TWI1_IRQHandler
                0x0001e84a                Default_Handler
                0x0001e84a                SAADC_IRQHandler
                0x0001e84a                CCM_AAR_IRQHandler
                0x0001e84a                WDT_IRQHandler
                0x0001e84a                SWI0_EGU0_IRQHandler
                0x0001e84a                SWI5_EGU5_IRQHandler
                0x0001e84a                RNG_IRQHandler
                0x0001e84a                RTC2_IRQHandler
                0x0001e84a                PWM0_IRQHandler
                0x0001e84a                SWI3_EGU3_IRQHandler
                0x0001e84a                RTC1_IRQHandler
                0x0001e84a                SWI1_EGU1_IRQHandler
                0x0001e84a                SPIM2_SPIS2_SPI2_IRQHandler
                0x0001e84a                NFCT_IRQHandler
                0x0001e84a                RTC0_IRQHandler
                0x0001e84a                MWU_IRQHandler
                0x0001e84a                TIMER1_IRQHandler
                0x0001e84a                TIMER2_IRQHandler
                0x0001e84a                COMP_LPCOMP_IRQHandler
 .text.init     0x0001e84c       0x38 F:\Code\Akita-Heltec-Reticulum-Tracker\arduino_build/core\core.a(wiring.c.o)
                0x0001e84c                init
 .text.analogRead
                0x0001e884       0xa4 F:\Code\Akita-Heltec-Reticulum-Tracker\arduino_build/core\core.a(wiring_analog.c.o)
                0x0001e884                analogRead
 .text.TwoWire_begin
                0x0001e928       0x54 F:\Code\Akita-Heltec-Reticulum-Tracker\arduino_build/core\core.a(wiring_digital.c.o)
                0x0001e928                TwoWire_begin
 .text.TwoWire_sendTransmission
                0x0001e97c       0xa8 F:\Code\Akita-Heltec-Reticulum-Tracker\arduino_build/core\core.a(wiring_digital.c.o)
                0x0001e97c                TwoWire_sendTransmission
 .text.TwoWire_endTransmission
                0x0001ea24        0x6 F:\Code\Akita-Heltec-Reticulum-Tracker\arduino_build/core\core.a(wiring_digital.c.o)
                0x0001ea24                TwoWire_endTransmission
 *fill*         0x0001ea2a        0x2 
 .text.TwoWire_write
                0x0001ea2c       0x4c F:\Code\Akita-Heltec-Reticulum-Tracker\arduino_build/core\core.a(wiring_digital.c.o)
                0x0001ea2c                TwoWire_write
 .text.pinMode  0x0001ea78       0xc0 F:\Code\Akita-Heltec-Reticulum-Tracker\arduino_build/core\core.a(wiring_digital.c.o)
                0x0001ea78                pinMode
 .text.digitalWrite
                0x0001eb38      0x15c F:\Code\Akita-Heltec-Reticulum-Tracker\arduino_build/core\core.a(wiring_digital.c.o)
                0x0001eb38                digitalWrite
 .text.sd_ble_gap_adv_data_set
                0x0001ec94        0x4 F:\Code\Akita-Heltec-Reticulum-Tracker\arduino_build/core\core.a(DFUService.cpp.o)
 .text.sd_ble_gap_adv_start
                0x0001ec98        0x4 F:\Code\Akita-Heltec-Reticulum-Tracker\arduino_build/core\core.a(DFUService.cpp.o)
 .text.sd_ble_gap_adv_stop
                0x0001ec9c        0x4 F:\Code\Akita-Heltec-Reticulum-Tracker\arduino_build/core\core.a(DFUService.cpp.o)
 .text.sd_ble_gap_disconnect
                0x0001eca0        0x4 F:\Code\Akita-Heltec-Reticulum-Tracker\arduino_build/core\core.a(DFUService.cpp.o)
 .text.sd_ble_gap_ppcp_set
                0x0001eca4        0x4 F:\Code\Akita-Heltec-Reticulum-Tracker\arduino_build/core\core.a(DFUService.cpp.o)
 .text.sd_ble_gap_device_name_set
                0x0001eca8        0x4 F:\Code\Akita-Heltec-Reticulum-Tracker\arduino_build/core\core.a(DFUService.cpp.o)
 .text.sd_ble_gatts_service_changed
                0x0001ecac        0x4 F:\Code\Akita-Heltec-Reticulum-Tracker\arduino_build/core\core.a(DFUService.cpp.o)
 .text._ZL26device_manager_evt_handlerPK13device_handlePK10dm_event_tm
                0x0001ecb0       0x48 F:\Code\Akita-Heltec-Reticulum-Tracker\arduino_build/core\core.a(DFUService.cpp.o)
 .text._ZL13reset_preparev
                0x0001ecf8       0x2c F:\Code\Akita-Heltec-Reticulum-Tracker\arduino_build/core\core.a(DFUService.cpp.o)
 .text._Z16ble_evt_dispatchP9ble_evt_t
                0x0001ed24       0x8c F:\Code\Akita-Heltec-Reticulum-Tracker\arduino_build/core\core.a(DFUService.cpp.o)
                0x0001ed24                ble_evt_dispatch(ble_evt_t*)
 .text._Z6initDMv
                0x0001edb0       0x8c F:\Code\Akita-Heltec-Reticulum-Tracker\arduino_build/core\core.a(DFUService.cpp.o)
                0x0001edb0                initDM()
 .text._Z15add_dfu_servicev
                0x0001ee3c      0x120 F:\Code\Akita-Heltec-Reticulum-Tracker\arduino_build/core\core.a(DFUService.cpp.o)
                0x0001ee3c                add_dfu_service()
 .text._Z12dfuIsEnabledv
                0x0001ef5c        0xc F:\Code\Akita-Heltec-Reticulum-Tracker\arduino_build/core\core.a(DFUService.cpp.o)
                0x0001ef5c                dfuIsEnabled()
 .text.forwardEvent
                0x0001ef68       0x10 F:\Code\Akita-Heltec-Reticulum-Tracker\arduino_build/core\core.a(DFUService.cpp.o)
                0x0001ef68                forwardEvent
 .text._ZN10RingBufferC2Ev
                0x0001ef78       0x16 F:\Code\Akita-Heltec-Reticulum-Tracker\arduino_build/core\core.a(RingBuffer.cpp.o)
                0x0001ef78                RingBuffer::RingBuffer()
                0x0001ef78                RingBuffer::RingBuffer()
 .text._ZN10RingBuffer10store_charEh
                0x0001ef8e       0x16 F:\Code\Akita-Heltec-Reticulum-Tracker\arduino_build/core\core.a(RingBuffer.cpp.o)
                0x0001ef8e                RingBuffer::store_char(unsigned char)
 .text._ZN10RingBuffer5clearEv
                0x0001efa4        0x8 F:\Code\Akita-Heltec-Reticulum-Tracker\arduino_build/core\core.a(RingBuffer.cpp.o)
                0x0001efa4                RingBuffer::clear()
 .text._ZN10RingBuffer9read_charEv
                0x0001efac       0x1c F:\Code\Akita-Heltec-Reticulum-Tracker\arduino_build/core\core.a(RingBuffer.cpp.o)
                0x0001efac                RingBuffer::read_char()
 .text._ZN10RingBuffer9availableEv
                0x0001efc8        0xc F:\Code\Akita-Heltec-Reticulum-Tracker\arduino_build/core\core.a(RingBuffer.cpp.o)
                0x0001efc8                RingBuffer::available()
 .text._ZN10RingBuffer4peekEv
                0x0001efd4       0x10 F:\Code\Akita-Heltec-Reticulum-Tracker\arduino_build/core\core.a(RingBuffer.cpp.o)
                0x0001efd4                RingBuffer::peek()
 .text._Z13socEvtHandlerm
                0x0001efe4       0x24 F:\Code\Akita-Heltec-Reticulum-Tracker\arduino_build/core\core.a(SoftDeviceManager.cpp.o)
                0x0001efe4                socEvtHandler(unsigned long)
 .text._ZN17SoftDeviceManagerC2Ev
                0x0001f008       0x1c F:\Code\Akita-Heltec-Reticulum-Tracker\arduino_build/core\core.a(SoftDeviceManager.cpp.o)
                0x0001f008                SoftDeviceManager::SoftDeviceManager()
                0x0001f008                SoftDeviceManager::SoftDeviceManager()
 .text._ZN17SoftDeviceManager5beginEv
                0x0001f024       0x6c F:\Code\Akita-Heltec-Reticulum-Tracker\arduino_build/core\core.a(SoftDeviceManager.cpp.o)
                0x0001f024                SoftDeviceManager::begin()
 .text.startup._GLOBAL__sub_I__Z13socEvtHandlerm
                0x0001f090        0xc F:\Code\Akita-Heltec-Reticulum-Tracker\arduino_build/core\core.a(SoftDeviceManager.cpp.o)
 .text.sd_ble_gatts_service_add
                0x0001f09c        0x4 F:\Code\Akita-Heltec-Reticulum-Tracker\arduino_build/core\core.a(ble_dfu.c.o)
 .text.sd_ble_gatts_characteristic_add
                0x0001f0a0        0x4 F:\Code\Akita-Heltec-Reticulum-Tracker\arduino_build/core\core.a(ble_dfu.c.o)
 .text.sd_ble_gatts_value_get
                0x0001f0a4        0x4 F:\Code\Akita-Heltec-Reticulum-Tracker\arduino_build/core\core.a(ble_dfu.c.o)
 .text.sd_ble_gatts_hvx
                0x0001f0a8        0x4 F:\Code\Akita-Heltec-Reticulum-Tracker\arduino_build/core\core.a(ble_dfu.c.o)
 .text.sd_ble_gatts_rw_authorize_reply
                0x0001f0ac        0x4 F:\Code\Akita-Heltec-Reticulum-Tracker\arduino_build/core\core.a(ble_dfu.c.o)
 .text.sd_ble_uuid_vs_add
                0x0001f0b0        0x4 F:\Code\Akita-Heltec-Reticulum-Tracker\arduino_build/core\core.a(ble_dfu.c.o)
 .text.ble_dfu_init
                0x0001f0b4      0x294 F:\Code\Akita-Heltec-Reticulum-Tracker\arduino_build/core\core.a(ble_dfu.c.o)
                0x0001f0b4                ble_dfu_init
 .text.ble_dfu_response_send
                0x0001f348       0x68 F:\Code\Akita-Heltec-Reticulum-Tracker\arduino_build/core\core.a(ble_dfu.c.o)
                0x0001f348                ble_dfu_response_send
 .text.ble_dfu_on_ble_evt
                0x0001f3b0      0x198 F:\Code\Akita-Heltec-Reticulum-Tracker\arduino_build/core\core.a(ble_dfu.c.o)
                0x0001f3b0                ble_dfu_on_ble_evt
 .text.ble_conn_state_role
                0x0001f548       0x2c F:\Code\Akita-Heltec-Reticulum-Tracker\arduino_build/core\core.a(ble_conn_state.c.o)
                0x0001f548                ble_conn_state_role
 .text.sd_ble_gap_sec_params_reply
                0x0001f574        0x4 F:\Code\Akita-Heltec-Reticulum-Tracker\arduino_build/core\core.a(device_manager_peripheral.c.o)
 .text.sd_ble_gap_sec_info_reply
                0x0001f578        0x4 F:\Code\Akita-Heltec-Reticulum-Tracker\arduino_build/core\core.a(device_manager_peripheral.c.o)
 .text.sd_ble_gatts_service_changed
                0x0001f57c        0x4 F:\Code\Akita-Heltec-Reticulum-Tracker\arduino_build/core\core.a(device_manager_peripheral.c.o)
 .text.sd_ble_gatts_sys_attr_set
                0x0001f580        0x4 F:\Code\Akita-Heltec-Reticulum-Tracker\arduino_build/core\core.a(device_manager_peripheral.c.o)
 .text.sd_ble_gatts_sys_attr_get
                0x0001f584        0x4 F:\Code\Akita-Heltec-Reticulum-Tracker\arduino_build/core\core.a(device_manager_peripheral.c.o)
 .text.storage_operation_dummy_handler
                0x0001f588        0x4 F:\Code\Akita-Heltec-Reticulum-Tracker\arduino_build/core\core.a(device_manager_peripheral.c.o)
 .text.no_service_context_store
                0x0001f58c        0x4 F:\Code\Akita-Heltec-Reticulum-Tracker\arduino_build/core\core.a(device_manager_peripheral.c.o)
 .text.gattc_context_store
                0x0001f590        0x4 F:\Code\Akita-Heltec-Reticulum-Tracker\arduino_build/core\core.a(device_manager_peripheral.c.o)
 .text.no_service_context_load
                0x0001f594        0x4 F:\Code\Akita-Heltec-Reticulum-Tracker\arduino_build/core\core.a(device_manager_peripheral.c.o)
 .text.gattc_context_load
                0x0001f598        0x4 F:\Code\Akita-Heltec-Reticulum-Tracker\arduino_build/core\core.a(device_manager_peripheral.c.o)
 .text.no_service_context_apply
                0x0001f59c        0x4 F:\Code\Akita-Heltec-Reticulum-Tracker\arduino_build/core\core.a(device_manager_peripheral.c.o)
 .text.gattc_context_apply
                0x0001f5a0        0x4 F:\Code\Akita-Heltec-Reticulum-Tracker\arduino_build/core\core.a(device_manager_peripheral.c.o)
 .text.device_context_store
                0x0001f5a4       0xe4 F:\Code\Akita-Heltec-Reticulum-Tracker\arduino_build/core\core.a(device_manager_peripheral.c.o)
 .text.gatts_context_apply
                0x0001f688       0xbc F:\Code\Akita-Heltec-Reticulum-Tracker\arduino_build/core\core.a(device_manager_peripheral.c.o)
 .text.gattsc_context_apply
                0x0001f744        0x4 F:\Code\Akita-Heltec-Reticulum-Tracker\arduino_build/core\core.a(device_manager_peripheral.c.o)
 .text.gatts_context_store
                0x0001f748       0xb0 F:\Code\Akita-Heltec-Reticulum-Tracker\arduino_build/core\core.a(device_manager_peripheral.c.o)
 .text.gattsc_context_store
                0x0001f7f8        0x4 F:\Code\Akita-Heltec-Reticulum-Tracker\arduino_build/core\core.a(device_manager_peripheral.c.o)
 .text.gatts_context_load
                0x0001f7fc       0x30 F:\Code\Akita-Heltec-Reticulum-Tracker\arduino_build/core\core.a(device_manager_peripheral.c.o)
 .text.gattsc_context_load
                0x0001f82c        0x4 F:\Code\Akita-Heltec-Reticulum-Tracker\arduino_build/core\core.a(device_manager_peripheral.c.o)
 .text.dm_pstorage_cb_handler
                0x0001f830      0x17c F:\Code\Akita-Heltec-Reticulum-Tracker\arduino_build/core\core.a(device_manager_peripheral.c.o)
 .text.peer_instance_init
                0x0001f9ac       0x54 F:\Code\Akita-Heltec-Reticulum-Tracker\arduino_build/core\core.a(device_manager_peripheral.c.o)
 .text.device_instance_free
                0x0001fa00       0x30 F:\Code\Akita-Heltec-Reticulum-Tracker\arduino_build/core\core.a(device_manager_peripheral.c.o)
 .text.dm_init  0x0001fa30       0xd8 F:\Code\Akita-Heltec-Reticulum-Tracker\arduino_build/core\core.a(device_manager_peripheral.c.o)
                0x0001fa30                dm_init
 .text.dm_register
                0x0001fb08       0x6c F:\Code\Akita-Heltec-Reticulum-Tracker\arduino_build/core\core.a(device_manager_peripheral.c.o)
                0x0001fb08                dm_register
 .text.dm_application_context_set
                0x0001fb74       0xdc F:\Code\Akita-Heltec-Reticulum-Tracker\arduino_build/core\core.a(device_manager_peripheral.c.o)
                0x0001fb74                dm_application_context_set
 .text.dm_application_context_get
                0x0001fc50       0xac F:\Code\Akita-Heltec-Reticulum-Tracker\arduino_build/core\core.a(device_manager_peripheral.c.o)
                0x0001fc50                dm_application_context_get
 .text.dm_application_context_delete
                0x0001fcfc       0x8c F:\Code\Akita-Heltec-Reticulum-Tracker\arduino_build/core\core.a(device_manager_peripheral.c.o)
                0x0001fcfc                dm_application_context_delete
 .text.dm_application_instance_set
                0x0001fd88       0x2c F:\Code\Akita-Heltec-Reticulum-Tracker\arduino_build/core\core.a(device_manager_peripheral.c.o)
                0x0001fd88                dm_application_instance_set
 .text.dm_peer_addr_get
                0x0001fdb4       0x84 F:\Code\Akita-Heltec-Reticulum-Tracker\arduino_build/core\core.a(device_manager_peripheral.c.o)
                0x0001fdb4                dm_peer_addr_get
 .text.dm_distributed_keys_get
                0x0001fe38       0xb4 F:\Code\Akita-Heltec-Reticulum-Tracker\arduino_build/core\core.a(device_manager_peripheral.c.o)
                0x0001fe38                dm_distributed_keys_get
 .text.bond_data_load
                0x0001feec       0xac F:\Code\Akita-Heltec-Reticulum-Tracker\arduino_build/core\core.a(device_manager_peripheral.c.o)
                0x0001feec                bond_data_load
 .text.dm_ble_evt_handler
                0x0001ff98      0x49c F:\Code\Akita-Heltec-Reticulum-Tracker\arduino_build/core\core.a(device_manager_peripheral.c.o)
                0x0001ff98                dm_ble_evt_handler
 .text.dm_handle_get
                0x00020434       0x3c F:\Code\Akita-Heltec-Reticulum-Tracker\arduino_build/core\core.a(device_manager_peripheral.c.o)
                0x00020434                dm_handle_get
 .text.nrf_delay_ms
                0x00020470       0x92 F:\Code\Akita-Heltec-Reticulum-Tracker\arduino_build/core\core.a(nrf_delay.c.o)
                0x00020470                nrf_delay_ms
 .text.pstorage_flash_page_end
                0x00020502       0x1a F:\Code\Akita-Heltec-Reticulum-Tracker\arduino_build/core\core.a(pstorage.c.o)
 .text.sd_flash_write
                0x0002051c        0x4 F:\Code\Akita-Heltec-Reticulum-Tracker\arduino_build/core\core.a(pstorage.c.o)
 .text.sd_flash_page_erase
                0x00020520        0x4 F:\Code\Akita-Heltec-Reticulum-Tracker\arduino_build/core\core.a(pstorage.c.o)
 .text.swap_sub_state_entry_action_run
                0x00020524       0x18 F:\Code\Akita-Heltec-Reticulum-Tracker\arduino_build/core\core.a(pstorage.c.o)
 .text.app_notify
                0x0002053c       0x2c F:\Code\Akita-Heltec-Reticulum-Tracker\arduino_build/core\core.a(pstorage.c.o)
 .text.is_page_erase_required
                0x00020568       0x50 F:\Code\Akita-Heltec-Reticulum-Tracker\arduino_build/core\core.a(pstorage.c.o)
 .text.swap_sub_state_err_busy_process
                0x000205b8       0x14 F:\Code\Akita-Heltec-Reticulum-Tracker\arduino_build/core\core.a(pstorage.c.o)
 .text.data_to_swap_write_state_run
                0x000205cc       0x28 F:\Code\Akita-Heltec-Reticulum-Tracker\arduino_build/core\core.a(pstorage.c.o)
 .text.swap_erase_state_run
                0x000205f4       0x20 F:\Code\Akita-Heltec-Reticulum-Tracker\arduino_build/core\core.a(pstorage.c.o)
 .text.flash_api_err_code_process
                0x00020614       0x40 F:\Code\Akita-Heltec-Reticulum-Tracker\arduino_build/core\core.a(pstorage.c.o)
 .text.flash_write
                0x00020654        0xe F:\Code\Akita-Heltec-Reticulum-Tracker\arduino_build/core\core.a(pstorage.c.o)
 *fill*         0x00020662        0x2 
 .text.store_cmd_flash_write_execute
                0x00020664       0x58 F:\Code\Akita-Heltec-Reticulum-Tracker\arduino_build/core\core.a(pstorage.c.o)
 .text.state_restore_head_entry_run
                0x000206bc       0x34 F:\Code\Akita-Heltec-Reticulum-Tracker\arduino_build/core\core.a(pstorage.c.o)
 .text.state_restore_tail_entry_run
                0x000206f0       0x4c F:\Code\Akita-Heltec-Reticulum-Tracker\arduino_build/core\core.a(pstorage.c.o)
 .text.state_write_data_swap_entry_run
                0x0002073c       0x30 F:\Code\Akita-Heltec-Reticulum-Tracker\arduino_build/core\core.a(pstorage.c.o)
 .text.flash_page_erase
                0x0002076c        0xe F:\Code\Akita-Heltec-Reticulum-Tracker\arduino_build/core\core.a(pstorage.c.o)
 *fill*         0x0002077a        0x2 
 .text.state_entry_action_run
                0x0002077c       0xc8 F:\Code\Akita-Heltec-Reticulum-Tracker\arduino_build/core\core.a(pstorage.c.o)
 .text.clear_operation_execute
                0x00020844       0xfc F:\Code\Akita-Heltec-Reticulum-Tracker\arduino_build/core\core.a(pstorage.c.o)
 .text.cmd_process
                0x00020940       0x38 F:\Code\Akita-Heltec-Reticulum-Tracker\arduino_build/core\core.a(pstorage.c.o)
 .text.unlikely.cmd_queue_enqueue
                0x00020978       0x50 F:\Code\Akita-Heltec-Reticulum-Tracker\arduino_build/core\core.a(pstorage.c.o)
 .text.command_end_procedure_run
                0x000209c8       0x54 F:\Code\Akita-Heltec-Reticulum-Tracker\arduino_build/core\core.a(pstorage.c.o)
 .text.clear_post_processing_run
                0x00020a1c       0x28 F:\Code\Akita-Heltec-Reticulum-Tracker\arduino_build/core\core.a(pstorage.c.o)
 .text.head_restore_state_run
                0x00020a44       0x98 F:\Code\Akita-Heltec-Reticulum-Tracker\arduino_build/core\core.a(pstorage.c.o)
 .text.tail_restore_state_run
                0x00020adc       0x14 F:\Code\Akita-Heltec-Reticulum-Tracker\arduino_build/core\core.a(pstorage.c.o)
 .text.data_page_erase_state_run
                0x00020af0       0x70 F:\Code\Akita-Heltec-Reticulum-Tracker\arduino_build/core\core.a(pstorage.c.o)
 .text.flash_operation_success_run
                0x00020b60       0x9c F:\Code\Akita-Heltec-Reticulum-Tracker\arduino_build/core\core.a(pstorage.c.o)
 .text.state_erase_data_page_entry_run
                0x00020bfc        0xc F:\Code\Akita-Heltec-Reticulum-Tracker\arduino_build/core\core.a(pstorage.c.o)
 .text.state_swap_erase_entry_run
                0x00020c08       0x22 F:\Code\Akita-Heltec-Reticulum-Tracker\arduino_build/core\core.a(pstorage.c.o)
 *fill*         0x00020c2a        0x2 
 .text.pstorage_sys_event_handler
                0x00020c2c       0x70 F:\Code\Akita-Heltec-Reticulum-Tracker\arduino_build/core\core.a(pstorage.c.o)
                0x00020c2c                pstorage_sys_event_handler
 .text.pstorage_init
                0x00020c9c       0x94 F:\Code\Akita-Heltec-Reticulum-Tracker\arduino_build/core\core.a(pstorage.c.o)
                0x00020c9c                pstorage_init
 .text.pstorage_register
                0x00020d30       0xd4 F:\Code\Akita-Heltec-Reticulum-Tracker\arduino_build/core\core.a(pstorage.c.o)
                0x00020d30                pstorage_register
 .text.pstorage_block_identifier_get
                0x00020e04       0x50 F:\Code\Akita-Heltec-Reticulum-Tracker\arduino_build/core\core.a(pstorage.c.o)
                0x00020e04                pstorage_block_identifier_get
 .text.pstorage_store
                0x00020e54       0x78 F:\Code\Akita-Heltec-Reticulum-Tracker\arduino_build/core\core.a(pstorage.c.o)
                0x00020e54                pstorage_store
 .text.pstorage_update
                0x00020ecc       0x78 F:\Code\Akita-Heltec-Reticulum-Tracker\arduino_build/core\core.a(pstorage.c.o)
                0x00020ecc                pstorage_update
 .text.pstorage_load
                0x00020f44       0x98 F:\Code\Akita-Heltec-Reticulum-Tracker\arduino_build/core\core.a(pstorage.c.o)
                0x00020f44                pstorage_load
 .text.pstorage_clear
                0x00020fdc       0x7c F:\Code\Akita-Heltec-Reticulum-Tracker\arduino_build/core\core.a(pstorage.c.o)
                0x00020fdc                pstorage_clear
 .text.sd_ble_gatts_sys_attr_get
                0x00021058        0x4 F:\Code\Akita-Heltec-Reticulum-Tracker\arduino_build/core\core.a(dfu_app_handler.c.o)
 .text.sd_power_gpregret_set
                0x0002105c        0x4 F:\Code\Akita-Heltec-Reticulum-Tracker\arduino_build/core\core.a(dfu_app_handler.c.o)
 .text.sd_softdevice_disable
                0x00021060        0x4 F:\Code\Akita-Heltec-Reticulum-Tracker\arduino_build/core\core.a(dfu_app_handler.c.o)
 .text.sd_softdevice_vector_table_base_set
                0x00021064        0x4 F:\Code\Akita-Heltec-Reticulum-Tracker\arduino_build/core\core.a(dfu_app_handler.c.o)
 .text.dfu_ble_svc_peer_data_set
                0x00021068        0x4 F:\Code\Akita-Heltec-Reticulum-Tracker\arduino_build/core\core.a(dfu_app_handler.c.o)
 .text.dfu_app_reset_prepare
                0x0002106c        0x2 F:\Code\Akita-Heltec-Reticulum-Tracker\arduino_build/core\core.a(dfu_app_handler.c.o)
 *fill*         0x0002106e        0x2 
 .text.dfu_app_on_dfu_evt
                0x00021070      0x188 F:\Code\Akita-Heltec-Reticulum-Tracker\arduino_build/core\core.a(dfu_app_handler.c.o)
                0x00021070                dfu_app_on_dfu_evt
 .text.dfu_app_reset_prepare_set
                0x000211f8        0xc F:\Code\Akita-Heltec-Reticulum-Tracker\arduino_build/core\core.a(dfu_app_handler.c.o)
                0x000211f8                dfu_app_reset_prepare_set
 .text.dfu_app_dm_appl_instance_set
                0x00021204       0x20 F:\Code\Akita-Heltec-Reticulum-Tracker\arduino_build/core\core.a(dfu_app_handler.c.o)
                0x00021204                dfu_app_dm_appl_instance_set
 .text.app_error_handler_bare
                0x00021224       0x1c F:\Code\Akita-Heltec-Reticulum-Tracker\arduino_build/core\core.a(app_error.c.o)
                0x00021224                app_error_handler_bare
 .text.sdk_mapped_flags_get_by_key
                0x00021240       0x22 F:\Code\Akita-Heltec-Reticulum-Tracker\arduino_build/core\core.a(sdk_mapped_flags.c.o)
                0x00021240                sdk_mapped_flags_get_by_key
 .text.sd_evt_get
                0x00021262        0x4 F:\Code\Akita-Heltec-Reticulum-Tracker\arduino_build/core\core.a(softdevice_handler.c.o)
 .text.sd_softdevice_enable
                0x00021266        0x4 F:\Code\Akita-Heltec-Reticulum-Tracker\arduino_build/core\core.a(softdevice_handler.c.o)
 .text.sd_ble_enable
                0x0002126a        0x4 F:\Code\Akita-Heltec-Reticulum-Tracker\arduino_build/core\core.a(softdevice_handler.c.o)
 .text.sd_ble_evt_get
                0x0002126e        0x4 F:\Code\Akita-Heltec-Reticulum-Tracker\arduino_build/core\core.a(softdevice_handler.c.o)
 .text.softdevice_fault_handler
                0x00021272        0x8 F:\Code\Akita-Heltec-Reticulum-Tracker\arduino_build/core\core.a(softdevice_handler.c.o)
                0x00021272                softdevice_fault_handler
 *fill*         0x0002127a        0x2 
 .text.intern_softdevice_events_execute
                0x0002127c       0xa0 F:\Code\Akita-Heltec-Reticulum-Tracker\arduino_build/core\core.a(softdevice_handler.c.o)
                0x0002127c                intern_softdevice_events_execute
 .text.softdevice_handler_init
                0x0002131c       0x78 F:\Code\Akita-Heltec-Reticulum-Tracker\arduino_build/core\core.a(softdevice_handler.c.o)
                0x0002131c                softdevice_handler_init
 .text.softdevice_ble_evt_handler_set
                0x00021394       0x14 F:\Code\Akita-Heltec-Reticulum-Tracker\arduino_build/core\core.a(softdevice_handler.c.o)
                0x00021394                softdevice_ble_evt_handler_set
 .text.softdevice_sys_evt_handler_set
                0x000213a8       0x14 F:\Code\Akita-Heltec-Reticulum-Tracker\arduino_build/core\core.a(softdevice_handler.c.o)
                0x000213a8                softdevice_sys_evt_handler_set
 .text.SWI2_EGU2_IRQHandler
                0x000213bc       0x24 F:\Code\Akita-Heltec-Reticulum-Tracker\arduino_build/core\core.a(softdevice_handler.c.o)
                0x000213bc                SWI2_EGU2_IRQHandler
 .text.softdevice_enable_get_default_config
                0x000213e0       0x2e F:\Code\Akita-Heltec-Reticulum-Tracker\arduino_build/core\core.a(softdevice_handler.c.o)
                0x000213e0                softdevice_enable_get_default_config
 *fill*         0x0002140e        0x2 
 .text.sd_check_ram_start
                0x00021410       0x14 F:\Code\Akita-Heltec-Reticulum-Tracker\arduino_build/core\core.a(softdevice_handler.c.o)
                0x00021410                sd_check_ram_start
 .text.softdevice_enable
                0x00021424       0x20 F:\Code\Akita-Heltec-Reticulum-Tracker\arduino_build/core\core.a(softdevice_handler.c.o)
                0x00021424                softdevice_enable
 .text.SystemInit
                0x00021444      0x298 F:\Code\Akita-Heltec-Reticulum-Tracker\arduino_build/core\core.a(system_nrf52.c.o)
                0x00021444                SystemInit
 .text.nrf_drv_clock_on_soc_event
                0x000216dc       0x1c F:\Code\Akita-Heltec-Reticulum-Tracker\arduino_build/core\core.a(nrf_drv_clock.c.o)
                0x000216dc                nrf_drv_clock_on_soc_event
 .text.bootloader_util_app_start
                0x000216f8       0x3c F:\Code\Akita-Heltec-Reticulum-Tracker\arduino_build/core\core.a(bootloader_util.c.o)
                0x000216f8                bootloader_util_app_start
 .text.__fpclassifyd
                0x00021734       0x54 c:/users/shaun/appdata/local/arduino15/packages/arduino/tools/arm-none-eabi-gcc/4.8.3-2014q1/bin/../lib/gcc/arm-none-eabi/4.8.3/../../../../arm-none-eabi/lib/armv7e-m/fpu\libm.a(lib_a-s_fpclassify.o)
                0x00021734                __fpclassifyd
 .text          0x00021788      0x370 c:/users/shaun/appdata/local/arduino15/packages/arduino/tools/arm-none-eabi-gcc/4.8.3-2014q1/bin/../lib/gcc/arm-none-eabi/4.8.3/armv7e-m/fpu\libgcc.a(_arm_addsubdf3.o)
                0x00021788                __aeabi_drsub
                0x00021790                __aeabi_dsub
                0x00021790                __subdf3
                0x00021794                __aeabi_dadd
                0x00021794                __adddf3
                0x00021a0c                __floatunsidf
                0x00021a0c                __aeabi_ui2d
                0x00021a2c                __floatsidf
                0x00021a2c                __aeabi_i2d
                0x00021a50                __aeabi_f2d
                0x00021a50                __extendsfdf2
                0x00021a8c                __floatundidf
                0x00021a8c                __aeabi_ul2d
                0x00021a9c                __floatdidf
                0x00021a9c                __aeabi_l2d
 .text          0x00021af8      0x424 c:/users/shaun/appdata/local/arduino15/packages/arduino/tools/arm-none-eabi-gcc/4.8.3-2014q1/bin/../lib/gcc/arm-none-eabi/4.8.3/armv7e-m/fpu\libgcc.a(_arm_muldivdf3.o)
                0x00021af8                __aeabi_dmul
                0x00021af8                __muldf3
                0x00021d4c                __divdf3
                0x00021d4c                __aeabi_ddiv
 .text          0x00021f1c      0x110 c:/users/shaun/appdata/local/arduino15/packages/arduino/tools/arm-none-eabi-gcc/4.8.3-2014q1/bin/../lib/gcc/arm-none-eabi/4.8.3/armv7e-m/fpu\libgcc.a(_arm_cmpdf2.o)
                0x00021f1c                __gtdf2
                0x00021f1c                __gedf2
                0x00021f24                __ltdf2
                0x00021f24                __ledf2
                0x00021f2c                __nedf2
                0x00021f2c                __eqdf2
                0x00021f2c                __cmpdf2
                0x00021fa8                __aeabi_cdrcmple
                0x00021fb8                __aeabi_cdcmpeq
                0x00021fb8                __aeabi_cdcmple
                0x00021fc8                __aeabi_dcmpeq
                0x00021fdc                __aeabi_dcmplt
                0x00021ff0                __aeabi_dcmple
                0x00022004                __aeabi_dcmpge
                0x00022018                __aeabi_dcmpgt
 .text          0x0002202c       0x50 c:/users/shaun/appdata/local/arduino15/packages/arduino/tools/arm-none-eabi-gcc/4.8.3-2014q1/bin/../lib/gcc/arm-none-eabi/4.8.3/armv7e-m/fpu\libgcc.a(_arm_fixdfsi.o)
                0x0002202c                __aeabi_d2iz
                0x0002202c                __fixdfsi
 .text          0x0002207c       0x40 c:/users/shaun/appdata/local/arduino15/packages/arduino/tools/arm-none-eabi-gcc/4.8.3-2014q1/bin/../lib/gcc/arm-none-eabi/4.8.3/armv7e-m/fpu\libgcc.a(_arm_fixunsdfsi.o)
                0x0002207c                __aeabi_d2uiz
                0x0002207c                __fixunsdfsi
 .text          0x000220bc       0xa0 c:/users/shaun/appdata/local/arduino15/packages/arduino/tools/arm-none-eabi-gcc/4.8.3-2014q1/bin/../lib/gcc/arm-none-eabi/4.8.3/armv7e-m/fpu\libgcc.a(_arm_truncdfsf2.o)
                0x000220bc                __truncdfsf2
                0x000220bc                __aeabi_d2f
 .text          0x0002215c       0x2c c:/users/shaun/appdata/local/arduino15/packages/arduino/tools/arm-none-eabi-gcc/4.8.3-2014q1/bin/../lib/gcc/arm-none-eabi/4.8.3/armv7e-m/fpu\libgcc.a(_aeabi_uldivmod.o)
                0x0002215c                __aeabi_uldivmod
 .text          0x00022188       0x60 c:/users/shaun/appdata/local/arduino15/packages/arduino/tools/arm-none-eabi-gcc/4.8.3-2014q1/bin/../lib/gcc/arm-none-eabi/4.8.3/armv7e-m/fpu\libgcc.a(bpabi.o)
                0x00022188                __gnu_ldivmod_helper
                0x000221b8                __gnu_uldivmod_helper
 .text          0x000221e8        0x4 c:/users/shaun/appdata/local/arduino15/packages/arduino/tools/arm-none-eabi-gcc/4.8.3-2014q1/bin/../lib/gcc/arm-none-eabi/4.8.3/armv7e-m/fpu\libgcc.a(_dvmd_tls.o)
                0x000221e8                __aeabi_idiv0
                0x000221e8                __aeabi_ldiv0
 .text          0x000221ec      0x298 c:/users/shaun/appdata/local/arduino15/packages/arduino/tools/arm-none-eabi-gcc/4.8.3-2014q1/bin/../lib/gcc/arm-none-eabi/4.8.3/armv7e-m/fpu\libgcc.a(_divdi3.o)
                0x000221ec                __divdi3
 .text          0x00022484      0x284 c:/users/shaun/appdata/local/arduino15/packages/arduino/tools/arm-none-eabi-gcc/4.8.3-2014q1/bin/../lib/gcc/arm-none-eabi/4.8.3/armv7e-m/fpu\libgcc.a(_udivdi3.o)
                0x00022484                __udivdi3
 .text.atol     0x00022708        0x8 c:/users/shaun/appdata/local/arduino15/packages/arduino/tools/arm-none-eabi-gcc/4.8.3-2014q1/bin/../lib/gcc/arm-none-eabi/4.8.3/../../../../arm-none-eabi/lib/armv7e-m/fpu\libc_s.a(lib_a-atol.o)
                0x00022708                atol
 .text.__libc_init_array
                0x00022710       0x4c c:/users/shaun/appdata/local/arduino15/packages/arduino/tools/arm-none-eabi-gcc/4.8.3-2014q1/bin/../lib/gcc/arm-none-eabi/4.8.3/../../../../arm-none-eabi/lib/armv7e-m/fpu\libc_s.a(lib_a-init.o)
                0x00022710                __libc_init_array
 .text.isdigit  0x0002275c       0x14 c:/users/shaun/appdata/local/arduino15/packages/arduino/tools/arm-none-eabi-gcc/4.8.3-2014q1/bin/../lib/gcc/arm-none-eabi/4.8.3/../../../../arm-none-eabi/lib/armv7e-m/fpu\libc_s.a(lib_a-isdigit.o)
                0x0002275c                isdigit
 .text.isspace  0x00022770       0x14 c:/users/shaun/appdata/local/arduino15/packages/arduino/tools/arm-none-eabi-gcc/4.8.3-2014q1/bin/../lib/gcc/arm-none-eabi/4.8.3/../../../../arm-none-eabi/lib/armv7e-m/fpu\libc_s.a(lib_a-isspace.o)
                0x00022770                isspace
 .text.malloc   0x00022784       0x10 c:/users/shaun/appdata/local/arduino15/packages/arduino/tools/arm-none-eabi-gcc/4.8.3-2014q1/bin/../lib/gcc/arm-none-eabi/4.8.3/../../../../arm-none-eabi/lib/armv7e-m/fpu\libc_s.a(lib_a-malloc.o)
                0x00022784                malloc
 .text.free     0x00022794       0x10 c:/users/shaun/appdata/local/arduino15/packages/arduino/tools/arm-none-eabi-gcc/4.8.3-2014q1/bin/../lib/gcc/arm-none-eabi/4.8.3/../../../../arm-none-eabi/lib/armv7e-m/fpu\libc_s.a(lib_a-malloc.o)
                0x00022794                free
 .text.memcmp   0x000227a4       0x1e c:/users/shaun/appdata/local/arduino15/packages/arduino/tools/arm-none-eabi-gcc/4.8.3-2014q1/bin/../lib/gcc/arm-none-eabi/4.8.3/../../../../arm-none-eabi/lib/armv7e-m/fpu\libc_s.a(lib_a-memcmp.o)
                0x000227a4                memcmp
 .text.memcpy   0x000227c2       0x12 c:/users/shaun/appdata/local/arduino15/packages/arduino/tools/arm-none-eabi-gcc/4.8.3-2014q1/bin/../lib/gcc/arm-none-eabi/4.8.3/../../../../arm-none-eabi/lib/armv7e-m/fpu\libc_s.a(lib_a-memcpy-stub.o)
                0x000227c2                memcpy
 .text.memset   0x000227d4       0x10 c:/users/shaun/appdata/local/arduino15/packages/arduino/tools/arm-none-eabi-gcc/4.8.3-2014q1/bin/../lib/gcc/arm-none-eabi/4.8.3/../../../../arm-none-eabi/lib/armv7e-m/fpu\libc_s.a(lib_a-memset.o)
                0x000227d4                memset
 .text._free_r  0x000227e4       0x88 c:/users/shaun/appdata/local/arduino15/packages/arduino/tools/arm-none-eabi-gcc/4.8.3-2014q1/bin/../lib/gcc/arm-none-eabi/4.8.3/../../../../arm-none-eabi/lib/armv7e-m/fpu\libc_s.a(lib_a-nano-freer.o)
                0x000227e4                _free_r
 .text._malloc_r
                0x0002286c       0xa8 c:/users/shaun/appdata/local/arduino15/packages/arduino/tools/arm-none-eabi-gcc/4.8.3-2014q1/bin/../lib/gcc/arm-none-eabi/4.8.3/../../../../arm-none-eabi/lib/armv7e-m/fpu\libc_s.a(lib_a-nano-mallocr.o)
                0x0002286c                _malloc_r
 .text.printf   0x00022914       0x30 c:/users/shaun/appdata/local/arduino15/packages/arduino/tools/arm-none-eabi-gcc/4.8.3-2014q1/bin/../lib/gcc/arm-none-eabi/4.8.3/../../../../arm-none-eabi/lib/armv7e-m/fpu\libc_s.a(lib_a-printf.o)
                0x00022914                iprintf
                0x00022914                printf
 .text.realloc  0x00022944       0x14 c:/users/shaun/appdata/local/arduino15/packages/arduino/tools/arm-none-eabi-gcc/4.8.3-2014q1/bin/../lib/gcc/arm-none-eabi/4.8.3/../../../../arm-none-eabi/lib/armv7e-m/fpu\libc_s.a(lib_a-realloc.o)
                0x00022944                realloc
 .text._sbrk_r  0x00022958       0x20 c:/users/shaun/appdata/local/arduino15/packages/arduino/tools/arm-none-eabi-gcc/4.8.3-2014q1/bin/../lib/gcc/arm-none-eabi/4.8.3/../../../../arm-none-eabi/lib/armv7e-m/fpu\libc_s.a(lib_a-sbrkr.o)
                0x00022958                _sbrk_r
 .text.sscanf   0x00022978       0x54 c:/users/shaun/appdata/local/arduino15/packages/arduino/tools/arm-none-eabi-gcc/4.8.3-2014q1/bin/../lib/gcc/arm-none-eabi/4.8.3/../../../../arm-none-eabi/lib/armv7e-m/fpu\libc_s.a(lib_a-sscanf.o)
                0x00022978                siscanf
                0x00022978                sscanf
 .text.__sread  0x000229cc       0x22 c:/users/shaun/appdata/local/arduino15/packages/arduino/tools/arm-none-eabi-gcc/4.8.3-2014q1/bin/../lib/gcc/arm-none-eabi/4.8.3/../../../../arm-none-eabi/lib/armv7e-m/fpu\libc_s.a(lib_a-stdio.o)
                0x000229cc                __sread
 .text.__seofread
                0x000229ee        0x4 c:/users/shaun/appdata/local/arduino15/packages/arduino/tools/arm-none-eabi-gcc/4.8.3-2014q1/bin/../lib/gcc/arm-none-eabi/4.8.3/../../../../arm-none-eabi/lib/armv7e-m/fpu\libc_s.a(lib_a-stdio.o)
                0x000229ee                __seofread
 .text.__swrite
                0x000229f2       0x38 c:/users/shaun/appdata/local/arduino15/packages/arduino/tools/arm-none-eabi-gcc/4.8.3-2014q1/bin/../lib/gcc/arm-none-eabi/4.8.3/../../../../arm-none-eabi/lib/armv7e-m/fpu\libc_s.a(lib_a-stdio.o)
                0x000229f2                __swrite
 .text.__sseek  0x00022a2a       0x24 c:/users/shaun/appdata/local/arduino15/packages/arduino/tools/arm-none-eabi-gcc/4.8.3-2014q1/bin/../lib/gcc/arm-none-eabi/4.8.3/../../../../arm-none-eabi/lib/armv7e-m/fpu\libc_s.a(lib_a-stdio.o)
                0x00022a2a                __sseek
 .text.__sclose
                0x00022a4e        0x8 c:/users/shaun/appdata/local/arduino15/packages/arduino/tools/arm-none-eabi-gcc/4.8.3-2014q1/bin/../lib/gcc/arm-none-eabi/4.8.3/../../../../arm-none-eabi/lib/armv7e-m/fpu\libc_s.a(lib_a-stdio.o)
                0x00022a4e                __sclose
 .text          0x00022a56       0x14 c:/users/shaun/appdata/local/arduino15/packages/arduino/tools/arm-none-eabi-gcc/4.8.3-2014q1/bin/../lib/gcc/arm-none-eabi/4.8.3/../../../../arm-none-eabi/lib/armv7e-m/fpu\libc_s.a(lib_a-strcmp.o)
                0x00022a56                strcmp
 .text.strcpy   0x00022a6a       0x10 c:/users/shaun/appdata/local/arduino15/packages/arduino/tools/arm-none-eabi-gcc/4.8.3-2014q1/bin/../lib/gcc/arm-none-eabi/4.8.3/../../../../arm-none-eabi/lib/armv7e-m/fpu\libc_s.a(lib_a-strcpy.o)
                0x00022a6a                strcpy
 .text.strlen   0x00022a7a       0x10 c:/users/shaun/appdata/local/arduino15/packages/arduino/tools/arm-none-eabi-gcc/4.8.3-2014q1/bin/../lib/gcc/arm-none-eabi/4.8.3/../../../../arm-none-eabi/lib/armv7e-m/fpu\libc_s.a(lib_a-strlen.o)
                0x00022a7a                strlen
 .text.strncmp  0x00022a8a       0x2e c:/users/shaun/appdata/local/arduino15/packages/arduino/tools/arm-none-eabi-gcc/4.8.3-2014q1/bin/../lib/gcc/arm-none-eabi/4.8.3/../../../../arm-none-eabi/lib/armv7e-m/fpu\libc_s.a(lib_a-strncmp.o)
                0x00022a8a                strncmp
 .text.strncpy  0x00022ab8       0x24 c:/users/shaun/appdata/local/arduino15/packages/arduino/tools/arm-none-eabi-gcc/4.8.3-2014q1/bin/../lib/gcc/arm-none-eabi/4.8.3/../../../../arm-none-eabi/lib/armv7e-m/fpu\libc_s.a(lib_a-strncpy.o)
                0x00022ab8                strncpy
 .text._strtol_r
                0x00022adc      0x104 c:/users/shaun/appdata/local/arduino15/packages/arduino/tools/arm-none-eabi-gcc/4.8.3-2014q1/bin/../lib/gcc/arm-none-eabi/4.8.3/../../../../arm-none-eabi/lib/armv7e-m/fpu\libc_s.a(lib_a-strtol.o)
                0x00022adc                _strtol_r
 .text.strtol   0x00022be0       0x1c c:/users/shaun/appdata/local/arduino15/packages/arduino/tools/arm-none-eabi-gcc/4.8.3-2014q1/bin/../lib/gcc/arm-none-eabi/4.8.3/../../../../arm-none-eabi/lib/armv7e-m/fpu\libc_s.a(lib_a-strtol.o)
                0x00022be0                strtol
 .text._sungetc_r
                0x00022bfc       0x7a c:/users/shaun/appdata/local/arduino15/packages/arduino/tools/arm-none-eabi-gcc/4.8.3-2014q1/bin/../lib/gcc/arm-none-eabi/4.8.3/../../../../arm-none-eabi/lib/armv7e-m/fpu\libc_s.a(lib_a-svfscanf.o)
                0x00022bfc                _sungetc_r
 .text.__ssrefill_r
                0x00022c76       0x3a c:/users/shaun/appdata/local/arduino15/packages/arduino/tools/arm-none-eabi-gcc/4.8.3-2014q1/bin/../lib/gcc/arm-none-eabi/4.8.3/../../../../arm-none-eabi/lib/armv7e-m/fpu\libc_s.a(lib_a-svfscanf.o)
                0x00022c76                __ssrefill_r
 .text.__ssvfscanf_r
                0x00022cb0      0x29c c:/users/shaun/appdata/local/arduino15/packages/arduino/tools/arm-none-eabi-gcc/4.8.3-2014q1/bin/../lib/gcc/arm-none-eabi/4.8.3/../../../../arm-none-eabi/lib/armv7e-m/fpu\libc_s.a(lib_a-svfscanf.o)
                0x00022cb0                __ssvfiscanf_r
                0x00022cb0                __ssvfscanf_r
 .text.tolower  0x00022f4c       0x18 c:/users/shaun/appdata/local/arduino15/packages/arduino/tools/arm-none-eabi-gcc/4.8.3-2014q1/bin/../lib/gcc/arm-none-eabi/4.8.3/../../../../arm-none-eabi/lib/armv7e-m/fpu\libc_s.a(lib_a-tolower.o)
                0x00022f4c                tolower
 .text.__submore
                0x00022f64       0x76 c:/users/shaun/appdata/local/arduino15/packages/arduino/tools/arm-none-eabi-gcc/4.8.3-2014q1/bin/../lib/gcc/arm-none-eabi/4.8.3/../../../../arm-none-eabi/lib/armv7e-m/fpu\libc_s.a(lib_a-ungetc.o)
                0x00022f64                __submore
 .text.__sfputc_r
                0x00022fda       0x2c c:/users/shaun/appdata/local/arduino15/packages/arduino/tools/arm-none-eabi-gcc/4.8.3-2014q1/bin/../lib/gcc/arm-none-eabi/4.8.3/../../../../arm-none-eabi/lib/armv7e-m/fpu\libc_s.a(lib_a-vfprintf.o)
 .text.__sfputs_r
                0x00023006       0x24 c:/users/shaun/appdata/local/arduino15/packages/arduino/tools/arm-none-eabi-gcc/4.8.3-2014q1/bin/../lib/gcc/arm-none-eabi/4.8.3/../../../../arm-none-eabi/lib/armv7e-m/fpu\libc_s.a(lib_a-vfprintf.o)
                0x00023006                __sfputs_r
 *fill*         0x0002302a        0x2 
 .text._vfprintf_r
                0x0002302c      0x208 c:/users/shaun/appdata/local/arduino15/packages/arduino/tools/arm-none-eabi-gcc/4.8.3-2014q1/bin/../lib/gcc/arm-none-eabi/4.8.3/../../../../arm-none-eabi/lib/armv7e-m/fpu\libc_s.a(lib_a-vfprintf.o)
                0x0002302c                _vfprintf_r
                0x0002302c                _vfiprintf_r
 .text.__cvt    0x00023234       0xc0 c:/users/shaun/appdata/local/arduino15/packages/arduino/tools/arm-none-eabi-gcc/4.8.3-2014q1/bin/../lib/gcc/arm-none-eabi/4.8.3/../../../../arm-none-eabi/lib/armv7e-m/fpu\libc_s.a(lib_a-vfprintf_float.o)
                0x00023234                __cvt
 .text.__exponent
                0x000232f4       0x66 c:/users/shaun/appdata/local/arduino15/packages/arduino/tools/arm-none-eabi-gcc/4.8.3-2014q1/bin/../lib/gcc/arm-none-eabi/4.8.3/../../../../arm-none-eabi/lib/armv7e-m/fpu\libc_s.a(lib_a-vfprintf_float.o)
                0x000232f4                __exponent
 *fill*         0x0002335a        0x2 
 .text._printf_float
                0x0002335c      0x420 c:/users/shaun/appdata/local/arduino15/packages/arduino/tools/arm-none-eabi-gcc/4.8.3-2014q1/bin/../lib/gcc/arm-none-eabi/4.8.3/../../../../arm-none-eabi/lib/armv7e-m/fpu\libc_s.a(lib_a-vfprintf_float.o)
                0x0002335c                _printf_float
 .text._printf_common
                0x0002377c       0xe4 c:/users/shaun/appdata/local/arduino15/packages/arduino/tools/arm-none-eabi-gcc/4.8.3-2014q1/bin/../lib/gcc/arm-none-eabi/4.8.3/../../../../arm-none-eabi/lib/armv7e-m/fpu\libc_s.a(lib_a-vfprintf_i.o)
                0x0002377c                _printf_common
 .text._printf_i
                0x00023860      0x228 c:/users/shaun/appdata/local/arduino15/packages/arduino/tools/arm-none-eabi-gcc/4.8.3-2014q1/bin/../lib/gcc/arm-none-eabi/4.8.3/../../../../arm-none-eabi/lib/armv7e-m/fpu\libc_s.a(lib_a-vfprintf_i.o)
                0x00023860                _printf_i
 .text._scanf_chars
                0x00023a88       0xc0 c:/users/shaun/appdata/local/arduino15/packages/arduino/tools/arm-none-eabi-gcc/4.8.3-2014q1/bin/../lib/gcc/arm-none-eabi/4.8.3/../../../../arm-none-eabi/lib/armv7e-m/fpu\libc_s.a(lib_a-vfscanf_i.o)
                0x00023a88                _scanf_chars
 .text._scanf_i
                0x00023b48      0x1ec c:/users/shaun/appdata/local/arduino15/packages/arduino/tools/arm-none-eabi-gcc/4.8.3-2014q1/bin/../lib/gcc/arm-none-eabi/4.8.3/../../../../arm-none-eabi/lib/armv7e-m/fpu\libc_s.a(lib_a-vfscanf_i.o)
                0x00023b48                _scanf_i
 .text.__swbuf_r
                0x00023d34       0xa8 c:/users/shaun/appdata/local/arduino15/packages/arduino/tools/arm-none-eabi-gcc/4.8.3-2014q1/bin/../lib/gcc/arm-none-eabi/4.8.3/../../../../arm-none-eabi/lib/armv7e-m/fpu\libc_s.a(lib_a-wbuf.o)
                0x00023d34                __swbuf_r
 .text._write_r
                0x00023ddc       0x24 c:/users/shaun/appdata/local/arduino15/packages/arduino/tools/arm-none-eabi-gcc/4.8.3-2014q1/bin/../lib/gcc/arm-none-eabi/4.8.3/../../../../arm-none-eabi/lib/armv7e-m/fpu\libc_s.a(lib_a-writer.o)
                0x00023ddc                _write_r
 .text.__swsetup_r
                0x00023e00       0xdc c:/users/shaun/appdata/local/arduino15/packages/arduino/tools/arm-none-eabi-gcc/4.8.3-2014q1/bin/../lib/gcc/arm-none-eabi/4.8.3/../../../../arm-none-eabi/lib/armv7e-m/fpu\libc_s.a(lib_a-wsetup.o)
                0x00023e00                __swsetup_r
 .text._close_r
                0x00023edc       0x20 c:/users/shaun/appdata/local/arduino15/packages/arduino/tools/arm-none-eabi-gcc/4.8.3-2014q1/bin/../lib/gcc/arm-none-eabi/4.8.3/../../../../arm-none-eabi/lib/armv7e-m/fpu\libc_s.a(lib_a-closer.o)
                0x00023edc                _close_r
 .text.quorem   0x00023efc      0x11a c:/users/shaun/appdata/local/arduino15/packages/arduino/tools/arm-none-eabi-gcc/4.8.3-2014q1/bin/../lib/gcc/arm-none-eabi/4.8.3/../../../../arm-none-eabi/lib/armv7e-m/fpu\libc_s.a(lib_a-dtoa.o)
 *fill*         0x00024016        0x2 
 .text._dtoa_r  0x00024018      0xb70 c:/users/shaun/appdata/local/arduino15/packages/arduino/tools/arm-none-eabi-gcc/4.8.3-2014q1/bin/../lib/gcc/arm-none-eabi/4.8.3/../../../../arm-none-eabi/lib/armv7e-m/fpu\libc_s.a(lib_a-dtoa.o)
                0x00024018                _dtoa_r
 .text.__sflush_r
                0x00024b88      0x106 c:/users/shaun/appdata/local/arduino15/packages/arduino/tools/arm-none-eabi-gcc/4.8.3-2014q1/bin/../lib/gcc/arm-none-eabi/4.8.3/../../../../arm-none-eabi/lib/armv7e-m/fpu\libc_s.a(lib_a-fflush.o)
                0x00024b88                __sflush_r
 *fill*         0x00024c8e        0x2 
 .text._fflush_r
                0x00024c90       0x54 c:/users/shaun/appdata/local/arduino15/packages/arduino/tools/arm-none-eabi-gcc/4.8.3-2014q1/bin/../lib/gcc/arm-none-eabi/4.8.3/../../../../arm-none-eabi/lib/armv7e-m/fpu\libc_s.a(lib_a-fflush.o)
                0x00024c90                _fflush_r
 .text._cleanup_r
                0x00024ce4       0x32 c:/users/shaun/appdata/local/arduino15/packages/arduino/tools/arm-none-eabi-gcc/4.8.3-2014q1/bin/../lib/gcc/arm-none-eabi/4.8.3/../../../../arm-none-eabi/lib/armv7e-m/fpu\libc_s.a(lib_a-findfp.o)
                0x00024ce4                _cleanup_r
 *fill*         0x00024d16        0x2 
 .text.std.isra.0
                0x00024d18       0x48 c:/users/shaun/appdata/local/arduino15/packages/arduino/tools/arm-none-eabi-gcc/4.8.3-2014q1/bin/../lib/gcc/arm-none-eabi/4.8.3/../../../../arm-none-eabi/lib/armv7e-m/fpu\libc_s.a(lib_a-findfp.o)
 .text.__sfmoreglue
                0x00024d60       0x2c c:/users/shaun/appdata/local/arduino15/packages/arduino/tools/arm-none-eabi-gcc/4.8.3-2014q1/bin/../lib/gcc/arm-none-eabi/4.8.3/../../../../arm-none-eabi/lib/armv7e-m/fpu\libc_s.a(lib_a-findfp.o)
                0x00024d60                __sfmoreglue
 .text.__sinit  0x00024d8c       0x60 c:/users/shaun/appdata/local/arduino15/packages/arduino/tools/arm-none-eabi-gcc/4.8.3-2014q1/bin/../lib/gcc/arm-none-eabi/4.8.3/../../../../arm-none-eabi/lib/armv7e-m/fpu\libc_s.a(lib_a-findfp.o)
                0x00024d8c                __sinit
 .text.__sfp    0x00024dec       0x74 c:/users/shaun/appdata/local/arduino15/packages/arduino/tools/arm-none-eabi-gcc/4.8.3-2014q1/bin/../lib/gcc/arm-none-eabi/4.8.3/../../../../arm-none-eabi/lib/armv7e-m/fpu\libc_s.a(lib_a-findfp.o)
                0x00024dec                __sfp
 .text._localeconv_r
                0x00024e60        0x8 c:/users/shaun/appdata/local/arduino15/packages/arduino/tools/arm-none-eabi-gcc/4.8.3-2014q1/bin/../lib/gcc/arm-none-eabi/4.8.3/../../../../arm-none-eabi/lib/armv7e-m/fpu\libc_s.a(lib_a-locale.o)
                0x00024e60                _localeconv_r
 .text._lseek_r
                0x00024e68       0x24 c:/users/shaun/appdata/local/arduino15/packages/arduino/tools/arm-none-eabi-gcc/4.8.3-2014q1/bin/../lib/gcc/arm-none-eabi/4.8.3/../../../../arm-none-eabi/lib/armv7e-m/fpu\libc_s.a(lib_a-lseekr.o)
                0x00024e68                _lseek_r
 .text.__smakebuf_r
                0x00024e8c       0x9c c:/users/shaun/appdata/local/arduino15/packages/arduino/tools/arm-none-eabi-gcc/4.8.3-2014q1/bin/../lib/gcc/arm-none-eabi/4.8.3/../../../../arm-none-eabi/lib/armv7e-m/fpu\libc_s.a(lib_a-makebuf.o)
                0x00024e8c                __smakebuf_r
 .text.memchr   0x00024f28       0x1e c:/users/shaun/appdata/local/arduino15/packages/arduino/tools/arm-none-eabi-gcc/4.8.3-2014q1/bin/../lib/gcc/arm-none-eabi/4.8.3/../../../../arm-none-eabi/lib/armv7e-m/fpu\libc_s.a(lib_a-memchr-stub.o)
                0x00024f28                memchr
 .text._Balloc  0x00024f46       0x6a c:/users/shaun/appdata/local/arduino15/packages/arduino/tools/arm-none-eabi-gcc/4.8.3-2014q1/bin/../lib/gcc/arm-none-eabi/4.8.3/../../../../arm-none-eabi/lib/armv7e-m/fpu\libc_s.a(lib_a-mprec.o)
                0x00024f46                _Balloc
 .text._Bfree   0x00024fb0       0x2e c:/users/shaun/appdata/local/arduino15/packages/arduino/tools/arm-none-eabi-gcc/4.8.3-2014q1/bin/../lib/gcc/arm-none-eabi/4.8.3/../../../../arm-none-eabi/lib/armv7e-m/fpu\libc_s.a(lib_a-mprec.o)
                0x00024fb0                _Bfree
 .text.__multadd
                0x00024fde       0x74 c:/users/shaun/appdata/local/arduino15/packages/arduino/tools/arm-none-eabi-gcc/4.8.3-2014q1/bin/../lib/gcc/arm-none-eabi/4.8.3/../../../../arm-none-eabi/lib/armv7e-m/fpu\libc_s.a(lib_a-mprec.o)
                0x00024fde                __multadd
 .text.__hi0bits
                0x00025052       0x40 c:/users/shaun/appdata/local/arduino15/packages/arduino/tools/arm-none-eabi-gcc/4.8.3-2014q1/bin/../lib/gcc/arm-none-eabi/4.8.3/../../../../arm-none-eabi/lib/armv7e-m/fpu\libc_s.a(lib_a-mprec.o)
                0x00025052                __hi0bits
 .text.__lo0bits
                0x00025092       0x5a c:/users/shaun/appdata/local/arduino15/packages/arduino/tools/arm-none-eabi-gcc/4.8.3-2014q1/bin/../lib/gcc/arm-none-eabi/4.8.3/../../../../arm-none-eabi/lib/armv7e-m/fpu\libc_s.a(lib_a-mprec.o)
                0x00025092                __lo0bits
 .text.__i2b    0x000250ec       0x12 c:/users/shaun/appdata/local/arduino15/packages/arduino/tools/arm-none-eabi-gcc/4.8.3-2014q1/bin/../lib/gcc/arm-none-eabi/4.8.3/../../../../arm-none-eabi/lib/armv7e-m/fpu\libc_s.a(lib_a-mprec.o)
                0x000250ec                __i2b
 .text.__multiply
                0x000250fe      0x130 c:/users/shaun/appdata/local/arduino15/packages/arduino/tools/arm-none-eabi-gcc/4.8.3-2014q1/bin/../lib/gcc/arm-none-eabi/4.8.3/../../../../arm-none-eabi/lib/armv7e-m/fpu\libc_s.a(lib_a-mprec.o)
                0x000250fe                __multiply
 *fill*         0x0002522e        0x2 
 .text.__pow5mult
                0x00025230       0x9c c:/users/shaun/appdata/local/arduino15/packages/arduino/tools/arm-none-eabi-gcc/4.8.3-2014q1/bin/../lib/gcc/arm-none-eabi/4.8.3/../../../../arm-none-eabi/lib/armv7e-m/fpu\libc_s.a(lib_a-mprec.o)
                0x00025230                __pow5mult
 .text.__lshift
                0x000252cc       0xa6 c:/users/shaun/appdata/local/arduino15/packages/arduino/tools/arm-none-eabi-gcc/4.8.3-2014q1/bin/../lib/gcc/arm-none-eabi/4.8.3/../../../../arm-none-eabi/lib/armv7e-m/fpu\libc_s.a(lib_a-mprec.o)
                0x000252cc                __lshift
 .text.__mcmp   0x00025372       0x3a c:/users/shaun/appdata/local/arduino15/packages/arduino/tools/arm-none-eabi-gcc/4.8.3-2014q1/bin/../lib/gcc/arm-none-eabi/4.8.3/../../../../arm-none-eabi/lib/armv7e-m/fpu\libc_s.a(lib_a-mprec.o)
                0x00025372                __mcmp
 .text.__mdiff  0x000253ac       0xbc c:/users/shaun/appdata/local/arduino15/packages/arduino/tools/arm-none-eabi-gcc/4.8.3-2014q1/bin/../lib/gcc/arm-none-eabi/4.8.3/../../../../arm-none-eabi/lib/armv7e-m/fpu\libc_s.a(lib_a-mprec.o)
                0x000253ac                __mdiff
 .text.__d2b    0x00025468       0xa0 c:/users/shaun/appdata/local/arduino15/packages/arduino/tools/arm-none-eabi-gcc/4.8.3-2014q1/bin/../lib/gcc/arm-none-eabi/4.8.3/../../../../arm-none-eabi/lib/armv7e-m/fpu\libc_s.a(lib_a-mprec.o)
                0x00025468                __d2b
 .text._calloc_r
                0x00025508       0x1c c:/users/shaun/appdata/local/arduino15/packages/arduino/tools/arm-none-eabi-gcc/4.8.3-2014q1/bin/../lib/gcc/arm-none-eabi/4.8.3/../../../../arm-none-eabi/lib/armv7e-m/fpu\libc_s.a(lib_a-nano-callocr.o)
                0x00025508                _calloc_r
 .text._realloc_r
                0x00025524       0x4c c:/users/shaun/appdata/local/arduino15/packages/arduino/tools/arm-none-eabi-gcc/4.8.3-2014q1/bin/../lib/gcc/arm-none-eabi/4.8.3/../../../../arm-none-eabi/lib/armv7e-m/fpu\libc_s.a(lib_a-nano-reallocr.o)
                0x00025524                _realloc_r
 .text._read_r  0x00025570       0x24 c:/users/shaun/appdata/local/arduino15/packages/arduino/tools/arm-none-eabi-gcc/4.8.3-2014q1/bin/../lib/gcc/arm-none-eabi/4.8.3/../../../../arm-none-eabi/lib/armv7e-m/fpu\libc_s.a(lib_a-readr.o)
                0x00025570                _read_r
 .text.__sccl   0x00025594       0x64 c:/users/shaun/appdata/local/arduino15/packages/arduino/tools/arm-none-eabi-gcc/4.8.3-2014q1/bin/../lib/gcc/arm-none-eabi/4.8.3/../../../../arm-none-eabi/lib/armv7e-m/fpu\libc_s.a(lib_a-sccl.o)
                0x00025594                __sccl
 .text._strtoul_r
                0x000255f8       0xf0 c:/users/shaun/appdata/local/arduino15/packages/arduino/tools/arm-none-eabi-gcc/4.8.3-2014q1/bin/../lib/gcc/arm-none-eabi/4.8.3/../../../../arm-none-eabi/lib/armv7e-m/fpu\libc_s.a(lib_a-strtoul.o)
                0x000255f8                _strtoul_r
 .text._fstat_r
                0x000256e8       0x24 c:/users/shaun/appdata/local/arduino15/packages/arduino/tools/arm-none-eabi-gcc/4.8.3-2014q1/bin/../lib/gcc/arm-none-eabi/4.8.3/../../../../arm-none-eabi/lib/armv7e-m/fpu\libc_s.a(lib_a-fstatr.o)
                0x000256e8                _fstat_r
 .text._isatty_r
                0x0002570c       0x20 c:/users/shaun/appdata/local/arduino15/packages/arduino/tools/arm-none-eabi-gcc/4.8.3-2014q1/bin/../lib/gcc/arm-none-eabi/4.8.3/../../../../arm-none-eabi/lib/armv7e-m/fpu\libc_s.a(lib_a-isattyr.o)
                0x0002570c                _isatty_r
 .text._malloc_usable_size_r
                0x0002572c       0x12 c:/users/shaun/appdata/local/arduino15/packages/arduino/tools/arm-none-eabi-gcc/4.8.3-2014q1/bin/../lib/gcc/arm-none-eabi/4.8.3/../../../../arm-none-eabi/lib/armv7e-m/fpu\libc_s.a(lib_a-nano-msizer.o)
                0x0002572c                _malloc_usable_size_r
 *fill*         0x0002573e        0x2 
 .text._close   0x00025740       0x10 c:/users/shaun/appdata/local/arduino15/packages/arduino/tools/arm-none-eabi-gcc/4.8.3-2014q1/bin/../lib/gcc/arm-none-eabi/4.8.3/../../../../arm-none-eabi/lib/armv7e-m/fpu\libnosys.a(close.o)
                0x00025740                _close
 .text._fstat   0x00025750       0x10 c:/users/shaun/appdata/local/arduino15/packages/arduino/tools/arm-none-eabi-gcc/4.8.3-2014q1/bin/../lib/gcc/arm-none-eabi/4.8.3/../../../../arm-none-eabi/lib/armv7e-m/fpu\libnosys.a(fstat.o)
                0x00025750                _fstat
 .text._isatty  0x00025760       0x10 c:/users/shaun/appdata/local/arduino15/packages/arduino/tools/arm-none-eabi-gcc/4.8.3-2014q1/bin/../lib/gcc/arm-none-eabi/4.8.3/../../../../arm-none-eabi/lib/armv7e-m/fpu\libnosys.a(isatty.o)
                0x00025760                _isatty
 .text._lseek   0x00025770       0x10 c:/users/shaun/appdata/local/arduino15/packages/arduino/tools/arm-none-eabi-gcc/4.8.3-2014q1/bin/../lib/gcc/arm-none-eabi/4.8.3/../../../../arm-none-eabi/lib/armv7e-m/fpu\libnosys.a(lseek.o)
                0x00025770                _lseek
 .text._read    0x00025780       0x10 c:/users/shaun/appdata/local/arduino15/packages/arduino/tools/arm-none-eabi-gcc/4.8.3-2014q1/bin/../lib/gcc/arm-none-eabi/4.8.3/../../../../arm-none-eabi/lib/armv7e-m/fpu\libnosys.a(read.o)
                0x00025780                _read
 .text._sbrk    0x00025790       0x34 c:/users/shaun/appdata/local/arduino15/packages/arduino/tools/arm-none-eabi-gcc/4.8.3-2014q1/bin/../lib/gcc/arm-none-eabi/4.8.3/../../../../arm-none-eabi/lib/armv7e-m/fpu\libnosys.a(sbrk.o)
                0x00025790                _sbrk
 .text._write   0x000257c4       0x10 c:/users/shaun/appdata/local/arduino15/packages/arduino/tools/arm-none-eabi-gcc/4.8.3-2014q1/bin/../lib/gcc/arm-none-eabi/4.8.3/../../../../arm-none-eabi/lib/armv7e-m/fpu\libnosys.a(write.o)
                0x000257c4                _write
 *(.init)
 .init          0x000257d4        0x4 c:/users/shaun/appdata/local/arduino15/packages/arduino/tools/arm-none-eabi-gcc/4.8.3-2014q1/bin/../lib/gcc/arm-none-eabi/4.8.3/armv7e-m/fpu/crti.o
                0x000257d4                _init
 .init          0x000257d8        0x8 c:/users/shaun/appdata/local/arduino15/packages/arduino/tools/arm-none-eabi-gcc/4.8.3-2014q1/bin/../lib/gcc/arm-none-eabi/4.8.3/armv7e-m/fpu/crtn.o
 *(.fini)
 .fini          0x000257e0        0x4 c:/users/shaun/appdata/local/arduino15/packages/arduino/tools/arm-none-eabi-gcc/4.8.3-2014q1/bin/../lib/gcc/arm-none-eabi/4.8.3/armv7e-m/fpu/crti.o
                0x000257e0                _fini
 .fini          0x000257e4        0x8 c:/users/shaun/appdata/local/arduino15/packages/arduino/tools/arm-none-eabi-gcc/4.8.3-2014q1/bin/../lib/gcc/arm-none-eabi/4.8.3/armv7e-m/fpu/crtn.o
 *crtbegin.o(.ctors)
 *crtbegin?.o(.ctors)
 *(EXCLUDE_FILE(*crtend.o *crtend?.o) .ctors)
 *(SORT(.ctors.*))
 *(.ctors)
 *crtbegin.o(.dtors)
 *crtbegin?.o(.dtors)
 *(EXCLUDE_FILE(*crtend.o *crtend?.o) .dtors)
 *(SORT(.dtors.*))
 *(.dtors)
 *(.rodata*)
 .rodata.str1.1
                0x000257ec      0x80a F:\Code\Akita-Heltec-Reticulum-Tracker\arduino_build\sketch\Akita_Heltec_Reticulum_Tracker.cpp.o
                                0x833 (size before relaxing)
 .rodata.str1.1
                0x00025ff6       0x3a F:\Code\Akita-Heltec-Reticulum-Tracker\arduino_build\libraries\TinyGPSPlus\TinyGPS++.cpp.o
                                 0x4c (size before relaxing)
 .rodata._ZTV9LoRaClass
                0x00026030       0x20 F:\Code\Akita-Heltec-Reticulum-Tracker\arduino_build\libraries\LoRa\LoRa.cpp.o
                0x00026030                vtable for LoRaClass
 .rodata.g_APinDescription
                0x00026050      0x384 F:\Code\Akita-Heltec-Reticulum-Tracker\arduino_build\core\variant.cpp.o
                0x00026050                g_APinDescription
 .rodata.str1.1
                0x000263d4        0xc F:\Code\Akita-Heltec-Reticulum-Tracker\arduino_build/core\core.a(Print.cpp.o)
                                 0x11 (size before relaxing)
 .rodata.str1.1
                0x00000000        0x1 F:\Code\Akita-Heltec-Reticulum-Tracker\arduino_build/core\core.a(Stream.cpp.o)
 .rodata._ZTV4Uart
                0x000263e0       0x30 F:\Code\Akita-Heltec-Reticulum-Tracker\arduino_build/core\core.a(Uart.cpp.o)
                0x000263e0                vtable for Uart
 .rodata.str1.1
                0x00000000        0x1 F:\Code\Akita-Heltec-Reticulum-Tracker\arduino_build/core\core.a(WString.cpp.o)